******************************************************************************
                  TI ARM Linker PC v5.2.7                      
******************************************************************************
>> Linked Sun Feb 28 15:50:39 2016

OUTPUT FILE NAME:   <Lab4.out>
ENTRY POINT SYMBOL: "_c_int00"  address: 20015395


MEMORY CONFIGURATION

         name            origin    length      used     unused   attr    fill
----------------------  --------  ---------  --------  --------  ----  --------
  SRAM_CODE             20004000   00016fff  00012fb5  0000404a  RW X
  SRAM_DATA             2001b000   00015000  0000e331  00006ccf  RW X


SEGMENT ALLOCATION MAP

run origin  load origin   length   init length attrs members
----------  ----------- ---------- ----------- ----- -------
20004000    20004000    00012fb8   00012fb8    r-x
  20004000    20004000    00000400   00000400    r-- .intvecs
  20004400    20004400    00011d1e   00011d1e    r-x .text
  20016120    20016120    00000d2f   00000d2f    r-- .const
  20016e50    20016e50    00000168   00000168    r-- .cinit
2001b000    2001b000    00009338   00000000    rw-
  2001b000    2001b000    00008000   00000000    rw- .sysmem
  20023000    20023000    00000fe9   00000000    rw- .bss
  20023ff0    20023ff0    00000348   00000000    rw- .data
2002b000    2002b000    00005000   00000000    rw-
  2002b000    2002b000    00005000   00000000    rw- .stack


SECTION ALLOCATION MAP

 output                                  attributes/
section   page    origin      length       input sections
--------  ----  ----------  ----------   ----------------
.intvecs   0    20004000    00000400     
                  20004000    00000400     startup_ccs.obj (.intvecs)

.init_array 
*          0    20004000    00000000     UNINITIALIZED

.text      0    20004400    00011d1e     
                  20004400    000025c4     mqtt.a : mqtt_client.obj (.text)
                  200069c4    00001fd4     main.obj (.text)
                  20008998    000012e0     network_if.obj (.text)
                  20009c78    00001258     free_rtos.a : tasks.obj (.text)
                  2000aed0    000010a6     rtsv7M4_T_le_eabi.lib : _printfi.obj (.text)
                  2000bf76    00000002     driverlib.a : interrupt.obj (.text:IntDefaultHandler)
                  2000bf78    00000b24     free_rtos.a : queue.obj (.text)
                  2000ca9c    00000a80     Adafruit_GFX.obj (.text)
                  2000d51c    00000a0a     mqtt.a : mqtt_common.obj (.text)
                  2000df26    00000002     --HOLE-- [fill = 0]
                  2000df28    00000978            : sl_mqtt_client.obj (.text)
                  2000e8a0    000006bc            : cc31xx_sl_net.obj (.text)
                  2000ef5c    000005ec     simplelink.a : driver.obj (.text:_SlDrvMsgRead)
                  2000f548    0000047a     Adafruit_OLED.obj (.text)
                  2000f9c2    00000002     --HOLE-- [fill = 0]
                  2000f9c4    0000045c     free_rtos.a : osi_freertos.obj (.text)
                  2000fe20    000003dc     rtsv7M4_T_le_eabi.lib : memory.obj (.text)
                  200101fc    00000290     uart_if.obj (.text)
                  2001048c    00000248     simplelink.a : driver.obj (.text:_SlDrvRxHdrRead)
                  200106d4    00000244                  : wlan.obj (.text:sl_WlanConnect)
                  20010918    000001f4     rtsv7M4_T_le_eabi.lib : ull_div_t2.obj (.text)
                  20010b0c    000001d0     simplelink.a : driver.obj (.text:_SlDrvReleasePoolObj)
                  20010cdc    000001cc                  : driver.obj (.text:_SlDrvMsgWrite)
                  20010ea8    000001c0     timer_if.obj (.text)
                  20011068    000001b6     rtsv7M4_T_le_eabi.lib : fd_add_t2.obj (.text)
                  2001121e    00000002     --HOLE-- [fill = 0]
                  20011220    00000190     simplelink.a : driver.obj (.text:_SlDrvWaitForPoolObj)
                  200113b0    00000174                  : driver.obj (.text:_SlDrvDriverCBInit)
                  20011524    00000170                  : driver.obj (.text:_SlFindAndSetActiveObj)
                  20011694    0000014c                  : cc_pal.obj (.text:spi_Open)
                  200117e0    0000013c                  : socket.obj (.text:sl_Select)
                  2001191c    00000138                  : socket.obj (.text:sl_Accept)
                  20011a54    00000136     rtsv7M4_T_le_eabi.lib : fd_div_t2.obj (.text)
                  20011b8a    00000002     --HOLE-- [fill = 0]
                  20011b8c    00000134     driverlib.a : prcm.obj (.text:PRCMCC3200MCUInit)
                  20011cc0    0000012a     free_rtos.a : list.obj (.text)
                  20011dea    00000002     --HOLE-- [fill = 0]
                  20011dec    00000128     simplelink.a : driver.obj (.text:_SlDrvDataReadOp)
                  20011f14    00000118                  : socket.obj (.text:sl_SendTo)
                  2001202c    00000110     free_rtos.a : port.obj (.text)
                  2001213c    00000110     rtsv7M4_T_le_eabi.lib : xdscale.obj (.text)
                  2001224c    0000010c     simplelink.a : socket.obj (.text:sl_RecvFrom)
                  20012358    00000108                  : socket.obj (.text:sl_Connect)
                  20012460    00000108                  : socket.obj (.text:sl_Send)
                  20012568    00000104                  : driver.obj (.text:_SlDrvDataWriteOp)
                  2001266c    00000104                  : netapp.obj (.text:sl_NetAppDnsGetHostByName)
                  20012770    000000fe                  : netapp.obj (.text:_SlDrvNetAppEventHandler)
                  2001286e    000000fc     rtsv7M4_T_le_eabi.lib : fd_mul_t2.obj (.text)
                  2001296a    00000002     --HOLE-- [fill = 0]
                  2001296c    000000f4     simplelink.a : driver.obj (.text:_SlDrvDriverCBDeinit)
                  20012a60    000000f0     driverlib.a : udma.obj (.text:uDMAChannelTransferSet)
                  20012b50    000000dc     simplelink.a : cc_pal.obj (.text:spi_Read)
                  20012c2c    000000d8                  : driver.obj (.text:_SlDrvClassifyRxMsg)
                  20012d04    000000d4                  : device.obj (.text:sl_Stop)
                  20012dd8    000000c8                  : netapp.obj (.text:_sl_HandleAsync_DnsGetHostByService)
                  20012ea0    000000c0                  : driver.obj (.text:_SlRemoveFromList)
                  20012f60    000000be     rtsv7M4_T_le_eabi.lib : xdnorm.obj (.text)
                  2001301e    00000002     --HOLE-- [fill = 0]
                  20013020    000000bc     simplelink.a : driver.obj (.text:_SlDrvMsgReadCmdCtx)
                  200130dc    000000bc                  : device.obj (.text:sl_Start)
                  20013198    000000ba     free_rtos.a : portasm.obj (.text)
                  20013252    00000002     --HOLE-- [fill = 0]
                  20013254    000000b8     simplelink.a : driver.obj (.text:_SlAsyncEventGenericHandler)
                  2001330c    000000b4     pin_mux_config.obj (.text)
                  200133c0    000000b4     simplelink.a : netapp.obj (.text:sl_NetAppMDNSRegisterUnregisterService)
                  20013474    000000a8     driverlib.a : interrupt.obj (.text:IntDisable)
                  2001351c    000000a8                 : interrupt.obj (.text:IntEnable)
                  200135c4    000000a8     simplelink.a : netcfg.obj (.text:sl_NetCfgGet)
                  2001366c    000000a0     driverlib.a : spi.obj (.text:SPIConfigSetExpClk)
                  2001370c    0000009c     simplelink.a : driver.obj (.text:_SlDrvMsgReadSpawnCtx)
                  200137a8    0000009c     rtsv7M4_T_le_eabi.lib : memcpy_t2.obj (.text)
                  20013844    0000009c     simplelink.a : device.obj (.text:sl_DevGet)
                  200138e0    00000094     driverlib.a : prcm.obj (.text:PRCMPeripheralClockGet)
                  20013974    0000008c     simplelink.a : cc_pal.obj (.text:SetupDMAReceive)
                  20013a00    0000008c                  : cc_pal.obj (.text:SetupDMASend)
                  20013a8c    0000008c                  : netapp.obj (.text:_sl_HandleAsync_DnsGetHostByName)
                  20013b18    0000008c                  : netapp.obj (.text:_sl_HandleAsync_PingResponse)
                  20013ba4    0000008c                  : cc_pal.obj (.text:spi_Write)
                  20013c30    00000088     driverlib.a : pin.obj (.text:PinConfigSet)
                  20013cb8    00000088     rtsv7M4_T_le_eabi.lib : vsnprintf.obj (.text)
                  20013d40    00000088     simplelink.a : socket.obj (.text:sl_Bind)
                  20013dc8    00000086     rtsv7M4_T_le_eabi.lib : fd_cmp_t2.obj (.text:__aeabi_cdcmple)
                  20013e4e    00000086                           : fd_cmp_t2.obj (.text:__aeabi_cdrcmple)
                  20013ed4    00000084     simplelink.a : cc_pal.obj (.text:NwpPowerOnPreamble)
                  20013f58    00000082     driverlib.a : gpio.obj (.text:GPIOIntTypeSet)
                  20013fda    00000002     --HOLE-- [fill = 0]
                  20013fdc    00000080     simplelink.a : driver.obj (.text:_SlDrvCmdOp)
                  2001405c    00000080                  : cc_pal.obj (.text:spi_Read_CPU)
                  200140dc    00000080                  : cc_pal.obj (.text:spi_Write_CPU)
                  2001415c    0000007c     driverlib.a : prcm.obj (.text:PRCMRTCGet)
                  200141d8    0000007c     simplelink.a : device.obj (.text:_sl_HandleAsync_InitComplete)
                  20014254    0000007a     rtsv7M4_T_le_eabi.lib : memset_t2.obj (.text)
                  200142ce    00000002     --HOLE-- [fill = 0]
                  200142d0    00000078     simplelink.a : socket.obj (.text:_sl_HandleAsync_Connect)
                  20014348    00000078                  : cc_pal.obj (.text:spi_Close)
                  200143c0    00000076     driverlib.a : uart.obj (.text:UARTConfigSetExpClk)
                  20014436    00000002     --HOLE-- [fill = 0]
                  20014438    00000074     simplelink.a : socket.obj (.text:sl_Recv)
                  200144ac    0000006c                  : driver.obj (.text:_SlDrvCmdSend)
                  20014518    0000006c     rtsv7M4_T_le_eabi.lib : autoinit.obj (.text)
                  20014584    0000006a                           : copy_decompress_rle.obj (.text)
                  200145ee    00000002     --HOLE-- [fill = 0]
                  200145f0    00000068     driverlib.a : timer.obj (.text:TimerIntUnregister)
                  20014658    00000068     simplelink.a : netapp.obj (.text:_sl_NetAppSendTokenValue)
                  200146c0    00000068                  : device.obj (.text:sl_DevSet)
                  20014728    00000068                  : netcfg.obj (.text:sl_NetCfgSet)
                  20014790    00000068                  : socket.obj (.text:sl_SetSockOpt)
                  200147f8    00000068                  : wlan.obj (.text:sl_WlanSet)
                  20014860    00000066     rtsv7M4_T_le_eabi.lib : xdunscal.obj (.text)
                  200148c6    00000002     --HOLE-- [fill = 0]
                  200148c8    00000064     driverlib.a : udma.obj (.text:uDMAChannelAttributeDisable)
                  2001492c    00000064                 : udma.obj (.text:uDMAChannelAttributeEnable)
                  20014990    00000060     simplelink.a : socket.obj (.text:_sl_HandleAsync_Accept)
                  200149f0    00000060                  : wlan.obj (.text:sl_WlanPolicySet)
                  20014a50    0000005c                  : socket.obj (.text:sl_Socket)
                  20014aac    00000058     driverlib.a : interrupt.obj (.text:IntPendClear)
                  20014b04    00000058                 : prcm.obj (.text:PRCMPeripheralReset)
                  20014b5c    00000056     rtsv7M4_T_le_eabi.lib : ltoa.obj (.text)
                  20014bb2    00000002     --HOLE-- [fill = 0]
                  20014bb4    00000054     driverlib.a : interrupt.obj (.text:IntPrioritySet)
                  20014c08    00000054     simplelink.a : socket.obj (.text:_sl_HandleAsync_Select)
                  20014c5c    00000054                  : wlan.obj (.text:sl_WlanRxFilterSet)
                  20014cb0    00000050     driverlib.a : prcm.obj (.text:PRCMSlowClkCtrGet)
                  20014d00    00000050     simplelink.a : device.obj (.text:_sl_HandleAsync_Stop)
                  20014d50    0000004c     driverlib.a : spi.obj (.text:SPIIntEnable)
                  20014d9c    0000004c     simplelink.a : driver.obj (.text:_SlDrvProtectAsyncRespSetting)
                  20014de8    0000004c                  : driver.obj (.text:_SlDrvRxIrqHandler)
                  20014e34    0000004c                  : socket.obj (.text:_sl_BuildAddress)
                  20014e80    0000004c     rtsv7M4_T_le_eabi.lib : atoi.obj (.text)
                  20014ecc    0000004c                           : cpy_tbl.obj (.text)
                  20014f18    0000004c     driverlib.a : udma.obj (.text:uDMAChannelAssign)
                  20014f64    00000048                 : gpio.obj (.text:GPIOGetIntNumber)
                  20014fac    00000048                 : spi.obj (.text:SPIIntClear)
                  20014ff4    00000048     simplelink.a : driver.obj (.text:_SlDrvBasicCmd)
                  2001503c    00000048     rtsv7M4_T_le_eabi.lib : fd_toi_t2.obj (.text)
                  20015084    00000046                           : ldexp.obj (.text)
                  200150ca    00000002     --HOLE-- [fill = 0]
                  200150cc    00000044     driverlib.a : spi.obj (.text:SPIDmaMaskGet)
                  20015110    00000044                 : timer.obj (.text:TimerConfigure)
                  20015154    00000044     simplelink.a : cc_pal.obj (.text:cc_SetupTransfer)
                  20015198    00000044     rtsv7M4_T_le_eabi.lib : exit.obj (.text)
                  200151dc    00000042     simplelink.a : socket.obj (.text:sl_Htonl)
                  2001521e    00000002     --HOLE-- [fill = 0]
                  20015220    00000040     driverlib.a : pin.obj (.text:PinModeSet)
                  20015260    00000040     rtsv7M4_T_le_eabi.lib : signal.obj (.text)
                  200152a0    00000040                           : strtok.obj (.text)
                  200152e0    0000003c     simplelink.a : netapp.obj (.text:CopyPingResultsToReport)
                  2001531c    0000003c     driverlib.a : prcm.obj (.text:PRCMPeripheralClkEnable)
                  20015358    0000003c     simplelink.a : socket.obj (.text:_sl_TruncatePayloadByProtocol)
                  20015394    0000003c     rtsv7M4_T_le_eabi.lib : boot.obj (.text)
                  200153d0    0000003c     simplelink.a : socket.obj (.text:sl_Htons)
                  2001540c    0000003c                  : socket.obj (.text:sl_Listen)
                  20015448    0000003c     driverlib.a : udma.obj (.text:uDMAChannelControlSet)
                  20015484    00000038     simplelink.a : cc_pal.obj (.text:NwpPowerOff)
                  200154bc    00000038     free_rtos.a : heap_3.obj (.text)
                  200154f4    00000036     driverlib.a : gpio.obj (.text:GPIODirModeSet)
                  2001552a    00000036     simplelink.a : netapp.obj (.text:sl_NetAppMDNSUnRegisterService)
                  20015560    00000034     driverlib.a : prcm.obj (.text:PRCMPeripheralStatusGet)
                  20015594    00000034                 : spi.obj (.text:SPIFIFOLevelSet)
                  200155c8    00000034     rtsv7M4_T_le_eabi.lib : feraiseexcept.obj (.text)
                  200155fc    00000030     driverlib.a : pin.obj (.text:PinTypeGPIO)
                  2001562c    00000030                 : uart.obj (.text:UARTDisable)
                  2001565c    00000030     simplelink.a : device.obj (.text:_SlDrvDeviceEventHandler)
                  2001568c    00000030     rtsv7M4_T_le_eabi.lib : strncpy.obj (.text)
                  200156bc    00000030                           : xferaise.obj (.text)
                  200156ec    00000030     simplelink.a : socket.obj (.text:sl_Close)
                  2001571c    00000030                  : wlan.obj (.text:sl_WlanProfileDel)
                  2001574c    00000030                  : wlan.obj (.text:sl_WlanSetMode)
                  2001577c    0000002e     rtsv7M4_T_le_eabi.lib : i_tofd_t2.obj (.text)
                  200157aa    0000002e                           : raise.obj (.text)
                  200157d8    0000002c     simplelink.a : cc_pal.obj (.text:DmaSpiSwIntHandler)
                  20015804    0000002c                  : cc_pal.obj (.text:NwpPowerOn)
                  20015830    0000002c     driverlib.a : prcm.obj (.text:PRCMSysResetCauseGet)
                  2001585c    0000002a                 : timer.obj (.text:TimerLoadSet)
                  20015886    0000002a                 : timer.obj (.text:TimerPrescaleSet)
                  200158b0    0000002a     rtsv7M4_T_le_eabi.lib : strspn.obj (.text)
                  200158da    0000002a                           : xdclass.obj (.text)
                  20015904    00000028     driverlib.a : prcm.obj (.text:IsRTCUsed)
                  2001592c    00000028                 : prcm.obj (.text:PRCMPeripheralClkDisable)
                  20015954    00000028     simplelink.a : socket.obj (.text:SL_FD_ISSET)
                  2001597c    00000026                  : cc_pal.obj (.text:NwpRegisterInterruptHandler)
                  200159a2    00000002     --HOLE-- [fill = 0]
                  200159a4    00000024     driverlib.a : interrupt.obj (.text:IntUnregister)
                  200159c8    00000024                 : prcm.obj (.text:RTCU16MSecRegRead)
                  200159ec    00000024                 : prcm.obj (.text:RTCUseSet)
                  20015a10    00000024                 : uart.obj (.text:UARTEnable)
                  20015a34    00000024     simplelink.a : driver.obj (.text:_SlDrvProtectionObjLockWaitForever)
                  20015a58    00000024     rtsv7M4_T_le_eabi.lib : memmov.obj (.text)
                  20015a7c    00000024                           : strcspn.obj (.text)
                  20015aa0    00000022     simplelink.a : socket.obj (.text:SL_FD_SET)
                  20015ac2    00000022     driverlib.a : spi.obj (.text:SPIReset)
                  20015ae4    00000022                 : spi.obj (.text:SPIWordCountSet)
                  20015b06    00000022     rtsv7M4_T_le_eabi.lib : frexp.obj (.text)
                  20015b28    00000020     driverlib.a : gpio.obj (.text:GPIOPinWrite)
                  20015b48    00000020                 : interrupt.obj (.text:IntRegister)
                  20015b68    00000020                 : spi.obj (.text:SPIDataGet)
                  20015b88    00000020     simplelink.a : driver.obj (.text:_SlDrvProtectionObjUnLock)
                  20015ba8    00000020     mqtt.a : cc3200_platform.obj (.text)
                  20015bc8    0000001e     driverlib.a : gpio.obj (.text:GPIOIntRegister)
                  20015be6    0000001e                 : spi.obj (.text:SPIDataPut)
                  20015c04    0000001e                 : timer.obj (.text:TimerDisable)
                  20015c22    0000001e                 : timer.obj (.text:TimerEnable)
                  20015c40    0000001e                 : timer.obj (.text:TimerIntStatus)
                  20015c5e    0000001e                 : uart.obj (.text:UARTCharPut)
                  20015c7c    0000001e     simplelink.a : cc_pal.obj (.text:cc_UDMAChannelSelect)
                  20015c9a    00000002     --HOLE-- [fill = 0]
                  20015c9c    0000001c     driverlib.a : systick.obj (.text:SysTickIntRegister)
                  20015cb8    0000001c                 : timer.obj (.text:TimerValueGet)
                  20015cd4    0000001c                 : uart.obj (.text:UARTCharGetNonBlocking)
                  20015cf0    0000001c     simplelink.a : driver.obj (.text:_SlDrvObjLockWaitForever)
                  20015d0c    0000001c                  : driver.obj (.text:_SlDrvSyncObjWaitForever)
                  20015d28    0000001c     rtsv7M4_T_le_eabi.lib : memccpy.obj (.text)
                  20015d44    0000001c     driverlib.a : udma.obj (.text:uDMAChannelEnable)
                  20015d60    0000001a                 : gpio.obj (.text:GPIOIntDisable)
                  20015d7a    0000001a                 : gpio.obj (.text:GPIOIntEnable)
                  20015d94    0000001a                 : pin.obj (.text:PinTypeSPI)
                  20015dae    0000001a                 : pin.obj (.text:PinTypeUART)
                  20015dc8    0000001a                 : spi.obj (.text:SPIDmaDisable)
                  20015de2    0000001a                 : spi.obj (.text:SPIDmaEnable)
                  20015dfc    0000001a                 : spi.obj (.text:SPIFIFODisable)
                  20015e16    0000001a                 : spi.obj (.text:SPIFIFOEnable)
                  20015e30    00000018                 : gpio.obj (.text:GPIOPinRead)
                  20015e48    00000018                 : spi.obj (.text:SPICSDisable)
                  20015e60    00000018                 : spi.obj (.text:SPICSEnable)
                  20015e78    00000018                 : spi.obj (.text:SPIDisable)
                  20015e90    00000018                 : spi.obj (.text:SPIEnable)
                  20015ea8    00000018                 : systick.obj (.text:SysTickPeriodSet)
                  20015ec0    00000018                 : timer.obj (.text:TimerIntDisable)
                  20015ed8    00000018                 : timer.obj (.text:TimerIntEnable)
                  20015ef0    00000018                 : uart.obj (.text:UARTCharsAvail)
                  20015f08    00000018     simplelink.a : driver.obj (.text:_SlDrvObjUnLock)
                  20015f20    00000018                  : driver.obj (.text:_SlDrvSyncObjSignal)
                  20015f38    00000018                  : device.obj (.text:_sl_GetStartResponseConvert)
                  20015f50    00000018     rtsv7M4_T_le_eabi.lib : args_main.obj (.text)
                  20015f68    00000018                           : strcmp.obj (.text)
                  20015f80    00000016     driverlib.a : prcm.obj (.text:PRCMHIBRegRead)
                  20015f96    00000016                 : prcm.obj (.text:PRCMHIBRegWrite)
                  20015fac    00000016     simplelink.a : driver.obj (.text:_SlDrvMemZero)
                  20015fc2    00000016     rtsv7M4_T_le_eabi.lib : strchr.obj (.text)
                  20015fd8    00000014     driverlib.a : cpu.obj (.text:CPUcpsie)
                  20015fec    00000014                 : gpio.obj (.text:GPIOIntClear)
                  20016000    00000014                 : interrupt.obj (.text:IntVTableBaseSet)
                  20016014    00000014     rtsv7M4_T_le_eabi.lib : _lock.obj (.text)
                  20016028    00000014                           : strcpy.obj (.text)
                  2001603c    00000014                           : strlen.obj (.text)
                  20016050    00000012     driverlib.a : timer.obj (.text:TimerIntClear)
                  20016062    00000002     --HOLE-- [fill = 0]
                  20016064    00000010                 : prcm.obj (.text:RTCU32SecRegRead)
                  20016074    00000010     simplelink.a : socket.obj (.text:SL_FD_ZERO)
                  20016084    00000010     driverlib.a : systick.obj (.text:SysTickEnable)
                  20016094    0000000e     simplelink.a : driver.obj (.text:_SlDrvResetCmdExt)
                  200160a2    0000000e     rtsv7M4_T_le_eabi.lib : copy_decompress_none.obj (.text:decompress:none)
                  200160b0    0000000e     startup_ccs.obj (.text)
                  200160be    00000002     --HOLE-- [fill = 0]
                  200160c0    0000000c     simplelink.a : cc_pal.obj (.text:NwpMaskInterrupt)
                  200160cc    0000000c                  : cc_pal.obj (.text:NwpUnMaskInterrupt)
                  200160d8    0000000c     driverlib.a : systick.obj (.text:SysTickValueGet)
                  200160e4    0000000c     rtsv7M4_T_le_eabi.lib : copy_zero_init.obj (.text:decompress:ZI)
                  200160f0    0000000c     simplelink.a : wlan.obj (.text:sl_WlanDisconnect)
                  200160fc    0000000a     driverlib.a : interrupt.obj (.text:IntMasterEnable)
                  20016106    00000008                 : prcm.obj (.text:PRCMRTCInUseSet)
                  2001610e    00000006                 : utils.obj (.text:UtilsDelay)
                  20016114    00000006     rtsv7M4_T_le_eabi.lib : copy_decompress_rle.obj (.text:decompress:rle24)
                  2001611a    00000004                           : pre_init.obj (.text)

.const     0    20016120    00000d2f     
                  20016120    000004fb     Adafruit_GFX.obj (.const:.string:font)
                  2001661b    00000101     rtsv7M4_T_le_eabi.lib : ctype.obj (.const:.string:_ctypes_)
                  2001671c    00000100     driverlib.a : pin.obj (.const:g_ulPinToPadMap)
                  2001681c    000000f4     main.obj (.const:.string)
                  20016910    000000d4     driverlib.a : interrupt.obj (.const:g_pulRegs)
                  200169e4    000000b0     simplelink.a : wlan.obj (.const:$P$T0$1)
                  20016a94    000000a8     driverlib.a : prcm.obj (.const:PRCM_PeriphRegsList)
                  20016b3c    00000080                 : interrupt.obj (.const)
                  20016bbc    00000062     network_if.obj (.const:.string)
                  20016c1e    0000003c     simplelink.a : driver.obj (.const:OpcodeTranslateTable)
                  20016c5a    0000003c                  : wlan.obj (.const)
                  20016c96    00000002     --HOLE-- [fill = 0]
                  20016c98    00000038                  : driver.obj (.const:_SlActionLookupTable)
                  20016cd0    00000034                  : driver.obj (.const)
                  20016d04    00000034                  : socket.obj (.const)
                  20016d38    0000002c     network_if.obj (.const:$P$T1$2)
                  20016d64    00000028     simplelink.a : netapp.obj (.const)
                  20016d8c    00000024     network_if.obj (.const)
                  20016db0    00000022     network_if.obj (.const:.string:$P$T0$1)
                  20016dd2    00000002     --HOLE-- [fill = 0]
                  20016dd4    00000020     mqtt.a : cc31xx_sl_net.obj (.const)
                  20016df4    00000018     driverlib.a : spi.obj (.const)
                  20016e0c    00000014     simplelink.a : device.obj (.const)
                  20016e20    00000010                  : socket.obj (.const:.string)
                  20016e30    0000000b     mqtt.a : mqtt_client.obj (.const:.string)
                  20016e3b    00000008     simplelink.a : device.obj (.const:.string)
                  20016e43    00000001     --HOLE-- [fill = 0]
                  20016e44    00000008                  : netcfg.obj (.const)
                  20016e4c    00000003     mqtt.a : sl_mqtt_client.obj (.const)

.cinit     0    20016e50    00000168     
                  20016e50    0000013f     (.cinit..data.load) [load image, compression = rle]
                  20016f8f    00000001     --HOLE-- [fill = 0]
                  20016f90    0000000c     (__TI_handler_table)
                  20016f9c    00000004     --HOLE-- [fill = 0]
                  20016fa0    00000008     (.cinit..bss.load) [load image, compression = zero_init]
                  20016fa8    00000010     (__TI_cinit_table)

.sysmem    0    2001b000    00008000     UNINITIALIZED
                  2001b000    00000008     rtsv7M4_T_le_eabi.lib : memory.obj (.sysmem)
                  2001b008    00007ff8     --HOLE--

.bss       0    20023000    00000fe9     UNINITIALIZED
                  20023000    00000800     mqtt.a : sl_mqtt_client.obj (.bss:buf_vec)
                  20023800    000002d0            : mqtt_client.obj (.bss:clients)
                  20023ad0    00000178     simplelink.a : driver.obj (.bss:g_StatMem)
                  20023c48    000000f0     mqtt.a : sl_mqtt_client.obj (.bss:sl_cli_ctx)
                  20023d38    000000c8     free_rtos.a : tasks.obj (.bss:pxReadyTasksLists)
                  20023e00    00000050     simplelink.a : cc_pal.obj (.bss:g_ucDinDout)
                  20023e50    00000050     free_rtos.a : queue.obj (.bss:xQueueRegistry)
                  20023ea0    00000048     mqtt.a : sl_mqtt_client.obj (.bss:mqp_vec)
                  20023ee8    0000002c     main.obj (.bss:g_time)
                  20023f14    00000024     network_if.obj (.bss:g_ucConnectionSSID)
                  20023f38    00000018     (.common:recv_hvec)
                  20023f50    00000014     (.common:xDelayedTaskList1)
                  20023f64    00000014     (.common:xDelayedTaskList2)
                  20023f78    00000014     (.common:xPendingReadyList)
                  20023f8c    00000014     (.common:xSuspendedTaskList)
                  20023fa0    00000014     (.common:xTasksWaitingTermination)
                  20023fb4    00000008     (.common:g_ucConnectionBSSID)
                  20023fbc    00000004     (.common:DMAMsgQ)
                  20023fc0    00000004     (.common:__Errorlog)
                  20023fc4    00000004     (.common:g_PBQueue)
                  20023fc8    00000004     (.common:g_cDummy)
                  20023fcc    00000004     (.common:g_rx_task_hndl)
                  20023fd0    00000004     (.common:g_rx_tx_sync_obj)
                  20023fd4    00000004     (.common:g_wait_secs)
                  20023fd8    00000004     (.common:mqtt_lib_lockobj)
                  20023fdc    00000004     (.common:pxDelayedTaskList)
                  20023fe0    00000004     (.common:pxOverflowDelayedTaskList)
                  20023fe4    00000002     (.common:g_usConnectIndex)
                  20023fe6    00000001     (.common:RxIrqCnt)
                  20023fe7    00000001     (.common:oppChar)
                  20023fe8    00000001     (.common:playerChar)

.TI.noinit 
*          0    20023000    00000000     UNINITIALIZED

.data      0    20023ff0    00000348     UNINITIALIZED
                  20023ff0    000000b0     rtsv7M4_T_le_eabi.lib : signal.obj (.data:sigtable)
                  200240a0    00000080                           : xvalues.obj (.data)
                  20024120    0000006d     main.obj (.data)
                  2002418d    00000001     mqtt.a : sl_mqtt_client.obj (.data)
                  2002418e    00000002     --HOLE--
                  20024190    0000005c     main.obj (.data:usr_connect_config)
                  200241ec    0000004c     mqtt.a : mqtt_client.obj (.data)
                  20024238    00000034     free_rtos.a : tasks.obj (.data)
                  2002426c    00000028     main.obj (.data:board)
                  20024294    00000028     mqtt.a : sl_mqtt_client.obj (.data:net)
                  200242bc    00000015     Adafruit_GFX.obj (.data)
                  200242d1    00000003     --HOLE--
                  200242d4    0000000c     free_rtos.a : osi_freertos.obj (.data)
                  200242e0    0000000c     network_if.obj (.data)
                  200242ec    0000000c     rtsv7M4_T_le_eabi.lib : memory.obj (.data)
                  200242f8    00000009     simplelink.a : cc_pal.obj (.data)
                  20024301    00000003     --HOLE--
                  20024304    00000009                  : driver.obj (.data)
                  2002430d    00000003     --HOLE--
                  20024310    00000008     rtsv7M4_T_le_eabi.lib : _lock.obj (.data)
                  20024318    00000008                           : exit.obj (.data)
                  20024320    00000008                           : feraiseexcept.obj (.data)
                  20024328    00000004     free_rtos.a : port.obj (.data)
                  2002432c    00000004     rtsv7M4_T_le_eabi.lib : errno.obj (.data)
                  20024330    00000004                           : stkdepth_vars.obj (.data)
                  20024334    00000004                           : strtok.obj (.data)

.TI.persistent 
*          0    20023ff0    00000000     UNINITIALIZED

.stack     0    2002b000    00005000     UNINITIALIZED
                  2002b000    00005000     --HOLE--


LINKER GENERATED COPY TABLES

__TI_cinit_table @ 20016fa8 records: 2, size/record: 8, table size: 16
	.data: load addr=20016e50, load size=0000013f bytes, run addr=20023ff0, run size=00000348 bytes, compression=rle
	.bss: load addr=20016fa0, load size=00000008 bytes, run addr=20023000, run size=00000fe9 bytes, compression=zero_init


LINKER GENERATED HANDLER TABLE

__TI_handler_table @ 20016f90 records: 3, size/record: 4, table size: 12
	index: 0, handler: __TI_decompress_rle24
	index: 1, handler: __TI_decompress_none
	index: 2, handler: __TI_zero_init


GLOBAL SYMBOLS: SORTED ALPHABETICALLY BY Name 

address   name                                  
-------   ----                                  
2000f5ad  Adafruit_Init                         
20007347  AllTimersIntInit                      
200070c3  BoardInit                             
200075b5  ButtonRoutine                         
20015199  C$$EXIT                               
20015fd9  CPUcpsie                              
2001023d  ClearTerm                             
2000f727  Color565                              
20007a65  ConfigureMessageDisplay               
200090d5  ConfigureSimpleLinkToDefaultState     
200152e1  CopyPingResultsToReport               
20023fbc  DMAMsgQ                               
200157d9  DmaSpiSwIntHandler                    
20007171  EdgeTriggerHandler                    
20010247  Error                                 
2000747b  FinishTimerIntHandler                 
200073bd  FinishTimerIntStart                   
20007417  FinishTimerIntStop                    
200154f5  GPIODirModeSet                        
20015fed  GPIOIntClear                          
20015d61  GPIOIntDisable                        
20015d7b  GPIOIntEnable                         
20015bc9  GPIOIntRegister                       
20013f59  GPIOIntTypeSet                        
20015e31  GPIOPinRead                           
20015b29  GPIOPinWrite                          
2001027f  GetCmd                                
200101fd  InitTerm                              
20009099  InitializeAppVariables                
20013475  IntDisable                            
2001351d  IntEnable                             
200160fd  IntMasterEnable                       
20014aad  IntPendClear                          
20014bb5  IntPrioritySet                        
20015b49  IntRegister                           
200159a5  IntUnregister                         
20016001  IntVTableBaseSet                      
2001021b  Message                               
20007b95  MqttClient                            
20024170  Mqtt_Client                           
20009779  Network_IF_ConnectAP                  
20009a7d  Network_IF_CurrentMCUState            
200095d9  Network_IF_DeInitDriver               
20009957  Network_IF_DisconnectFromAP           
20009a09  Network_IF_GetHostIP                  
20009475  Network_IF_InitDriver                 
20009995  Network_IF_IpConfigGet                
20009a75  Network_IF_ResetMCUStateMachine       
20009a83  Network_IF_SetMCUMachineState         
20009a9f  Network_IF_UnsetMCUMachineState       
200160c1  NwpMaskInterrupt                      
20015485  NwpPowerOff                           
20015805  NwpPowerOn                            
20013ed5  NwpPowerOnPreamble                    
2001597d  NwpRegisterInterruptHandler           
200160cd  NwpUnMaskInterrupt                    
20016c1e  OpcodeTranslateTable                  
2000d447  Outstr                                
20011b8d  PRCMCC3200MCUInit                     
20015f81  PRCMHIBRegRead                        
20015f97  PRCMHIBRegWrite                       
2001592d  PRCMPeripheralClkDisable              
2001531d  PRCMPeripheralClkEnable               
200138e1  PRCMPeripheralClockGet                
20014b05  PRCMPeripheralReset                   
20015561  PRCMPeripheralStatusGet               
2001415d  PRCMRTCGet                            
20016107  PRCMRTCInUseSet                       
20014cb1  PRCMSlowClkCtrGet                     
20015831  PRCMSysResetCauseGet                  
200072e3  PhotoresistorIntDisable               
200072c3  PhotoresistorIntEnable                
20007295  PhotoresistorIntInit                  
20013c31  PinConfigSet                          
20015221  PinModeSet                            
2001330d  PinMuxConfig                          
200155fd  PinTypeGPIO                           
20015d95  PinTypeSPI                            
20015daf  PinTypeUART                           
20007705  PressRoutine                          
20007499  RepeatTimerIntHandler                 
200073f1  RepeatTimerIntStart                   
20007429  RepeatTimerIntStop                    
200103cd  Report                                
200160b1  ResetISR                              
20023fe6  RxIrqCnt                              
20016ce0  RxMsgClassLUT                         
UNDEFED   SHT$$INIT_ARRAY$$Base                 
UNDEFED   SHT$$INIT_ARRAY$$Limit                
20015955  SL_FD_ISSET                           
20015aa1  SL_FD_SET                             
20016075  SL_FD_ZERO                            
20015e49  SPICSDisable                          
20015e61  SPICSEnable                           
2001366d  SPIConfigSetExpClk                    
20015b69  SPIDataGet                            
20015be7  SPIDataPut                            
20015e79  SPIDisable                            
20015dc9  SPIDmaDisable                         
20015de3  SPIDmaEnable                          
20015e91  SPIEnable                             
20015dfd  SPIFIFODisable                        
20015e17  SPIFIFOEnable                         
20015595  SPIFIFOLevelSet                       
20014fad  SPIIntClear                           
20014d51  SPIIntEnable                          
20015ac3  SPIReset                              
20015ae5  SPIWordCountSet                       
20024164  SecurityParams                        
200074c5  SignalRoutine                         
20008bed  SimpleLinkGeneralEventHandler         
20008e4b  SimpleLinkHttpServerCallback          
20008b75  SimpleLinkNetAppEventHandler          
20008c0d  SimpleLinkSockEventHandler            
200089b1  SimpleLinkWlanEventHandler            
20016e3b  StartResponseLUT                      
20016085  SysTickEnable                         
20015c9d  SysTickIntRegister                    
20015ea9  SysTickPeriodSet                      
200160d9  SysTickValueGet                       
200070db  SystickInit                           
200070f1  SystickReset                          
20015111  TimerConfigure                        
20015c05  TimerDisable                          
20015c23  TimerEnable                           
20016051  TimerIntClear                         
20015ec1  TimerIntDisable                       
20015ed9  TimerIntEnable                        
20015c41  TimerIntStatus                        
200145f1  TimerIntUnregister                    
2001585d  TimerLoadSet                          
20015887  TimerPrescaleSet                      
20015cb9  TimerValueGet                         
20011015  Timer_IF_DeInit                       
20011047  Timer_IF_GetCount                     
20010f29  Timer_IF_Init                         
20010f5b  Timer_IF_IntSetup                     
20010fcd  Timer_IF_InterruptClear               
2001102f  Timer_IF_ReLoad                       
20010fe5  Timer_IF_Start                        
20011005  Timer_IF_Stop                         
2000743d  TransitionTimerIntHandler             
200073ab  TransitionTimerIntStart               
20007409  TransitionTimerIntStop                
20010335  TrimSpace                             
20015cd5  UARTCharGetNonBlocking                
20015c5f  UARTCharPut                           
20015ef1  UARTCharsAvail                        
200143c1  UARTConfigSetExpClk                   
2001562d  UARTDisable                           
20015a11  UARTEnable                            
2001610f  UtilsDelay                            
2000fc8d  VDeleteSimpleLinkSpawnTask            
2000e0d3  VMqttRecvTask                         
2000fc3d  VStartSimpleLinkSpawnTask             
200158db  _Dclass                               
200240a0  _Denorm                               
20012f61  _Dnorm                                
2001213d  _Dscale                               
20014861  _Dunscale                             
200240b0  _Eps                                  
2002432c  _Errno                                
20024320  _Fenv                                 
200156bd  _Feraise                              
200240c0  _Hugeval                              
200240d0  _Inf                                  
200240e0  _Nan                                  
20024100  _Rteps                                
20016d18  _SlAcceptCmdCtrl                      
20016c98  _SlActionLookupTable                  
20013255  _SlAsyncEventGenericHandler           
20016e18  _SlDeviceGetCmdCtrl                   
20016e1c  _SlDeviceSetCmdCtrl                   
20014ff5  _SlDrvBasicCmd                        
20012c2d  _SlDrvClassifyRxMsg                   
20013fdd  _SlDrvCmdOp                           
200144ad  _SlDrvCmdSend                         
20011ded  _SlDrvDataReadOp                      
20012569  _SlDrvDataWriteOp                     
2001565d  _SlDrvDeviceEventHandler              
2001296d  _SlDrvDriverCBDeinit                  
200113b1  _SlDrvDriverCBInit                    
20015fad  _SlDrvMemZero                         
2000ef5d  _SlDrvMsgRead                         
20013021  _SlDrvMsgReadCmdCtx                   
2001370d  _SlDrvMsgReadSpawnCtx                 
20010cdd  _SlDrvMsgWrite                        
20012771  _SlDrvNetAppEventHandler              
20015cf1  _SlDrvObjLockWaitForever              
20015f09  _SlDrvObjUnLock                       
20014d9d  _SlDrvProtectAsyncRespSetting         
20015a35  _SlDrvProtectionObjLockWaitForever    
20015b89  _SlDrvProtectionObjUnLock             
20010b0d  _SlDrvReleasePoolObj                  
20016095  _SlDrvResetCmdExt                     
2001048d  _SlDrvRxHdrRead                       
20014de9  _SlDrvRxIrqHandler                    
20015f21  _SlDrvSyncObjSignal                   
20015d0d  _SlDrvSyncObjWaitForever              
20011221  _SlDrvWaitForPoolObj                  
20016e14  _SlEventMaskGetCmdCtrl                
20016e10  _SlEventMaskSetCmdCtrl                
20011525  _SlFindAndSetActiveObj                
20016d78  _SlGetHostByNameCtrl                  
20016d74  _SlGetHostByServiceCtrl               
20016d6c  _SlGetServiceListeCtrl                
20016d24  _SlGetSockOptCmdCtrl                  
20016d14  _SlListenCmdCtrl                      
20016d84  _SlNetAppGetCmdCtrl                   
20016d80  _SlNetAppSendTokenValueCmdCtrl        
20016d7c  _SlNetAppSetCmdCtrl                   
20016d64  _SlNetAppStartCtrl                    
20016d68  _SlNetAppStopCtrl                     
20016e48  _SlNetCfgGetCmdCtrl                   
20016e44  _SlNetCfgSetCmdCtrl                   
20016e20  _SlPayloadByProtocolLUT               
20016c5e  _SlPolicyGetCmdCtrl                   
20016c5a  _SlPolicySetCmdCtrl                   
20016c66  _SlProfileDelCmdCtrl                  
20016c62  _SlProfileGetCmdCtrl                  
20016d1c  _SlRecvCmdCtrl                        
20016d0c  _SlRecvfomCmdCtrl                     
20016d70  _SlRegisterServiceCtrl                
20012ea1  _SlRemoveFromList                     
20016c6e  _SlRxFilterAddtCmdCtrl                
20016c76  _SlRxFilterGetCmdCtrl                 
20016c72  _SlRxFilterSetCmdCtrl                 
20016d28  _SlSelectCmdCtrl                      
20016d10  _SlSendCmdCtrl                        
20016d20  _SlSetSockOptCmdCtrl                  
20016c7a  _SlSmartConfigStartCmdCtrl            
20016d08  _SlSockCloseCmdCtrl                   
20016d04  _SlSockSocketCmdCtrl                  
20016e0c  _SlStopCmdCtrl                        
20016c86  _SlWlanCfgGetCmdCtrl                  
20016c82  _SlWlanCfgSetCmdCtrl                  
20016c6a  _SlWlanGetNetworkListCtrl             
20016c7e  _SlWlanSetModeCmdCtrl                 
200240f0  _Snan                                 
20024324  _Tls_setup__Fenv                      
20024110  _Xbig                                 
20024118  _Zero                                 
20030000  __STACK_END                           
00005000  __STACK_SIZE                          
00008000  __SYSMEM_SIZE                         
20016fa8  __TI_CINIT_Base                       
20016fb8  __TI_CINIT_Limit                      
20016f90  __TI_Handler_Table_Base               
20016f9c  __TI_Handler_Table_Limit              
20014519  __TI_auto_init                        
20024318  __TI_cleanup_ptr                      
200160a3  __TI_decompress_none                  
20016115  __TI_decompress_rle24                 
2002431c  __TI_dtors_ptr                        
2000bc71  __TI_printfi                          
20016e50  __TI_static_base__                    
200160e5  __TI_zero_init                        
20013dc9  __aeabi_cdcmpeq                       
20013dc9  __aeabi_cdcmple                       
20013e4f  __aeabi_cdrcmple                      
2001503d  __aeabi_d2iz                          
20011073  __aeabi_dadd                          
20011a55  __aeabi_ddiv                          
2001286f  __aeabi_dmul                          
20011069  __aeabi_dsub                          
2001577d  __aeabi_i2d                           
20014255  __aeabi_memclr                        
20014255  __aeabi_memclr4                       
20014255  __aeabi_memclr8                       
200137a9  __aeabi_memcpy                        
200137a9  __aeabi_memcpy4                       
200137a9  __aeabi_memcpy8                       
20014257  __aeabi_memset                        
20014257  __aeabi_memset4                       
20014257  __aeabi_memset8                       
20010919  __aeabi_uldivmod                      
ffffffff  __binit__                             
ffffffff  __c_args__                            
2002b000  __stack                               
20015f51  _args_main                            
20015395  _c_int00                              
2001661b  _ctypes_                              
20024310  _lock                                 
20016023  _nop                                  
2001601b  _register_lock                        
20016015  _register_unlock                      
20014e35  _sl_BuildAddress                      
20015f39  _sl_GetStartResponseConvert           
20014991  _sl_HandleAsync_Accept                
200142d1  _sl_HandleAsync_Connect               
20013a8d  _sl_HandleAsync_DnsGetHostByName      
20012dd9  _sl_HandleAsync_DnsGetHostByService   
200141d9  _sl_HandleAsync_InitComplete          
20013b19  _sl_HandleAsync_PingResponse          
20014c09  _sl_HandleAsync_Select                
20014d01  _sl_HandleAsync_Stop                  
20014659  _sl_NetAppSendTokenValue              
20015359  _sl_TruncatePayloadByProtocol         
2001b000  _sys_memory                           
2001611b  _system_pre_init                      
20024314  _unlock                               
2001519d  abort                                 
20024188  app_hndl                              
20014e81  atoi                                  
ffffffff  binit                                 
2002426c  board                                 
200101c9  calloc                                
2000de91  cl_ctx_remove                         
2000ddf1  cl_ctx_reset                          
2000de21  cl_ctx_timeout_insert                 
2000dee7  cl_ctx_timeout_update                 
2000ec4d  comm_close                            
2000eabd  comm_open                             
20014ecd  copy_in                               
200242bc  cursor_x                              
200242c0  cursor_y                              
200241fc  debug_printf                          
2000d2fb  drawChar                              
2000ca9d  drawCircle                            
2000cbd1  drawCircleHelper                      
2000f8cd  drawFastHLine                         
2000f831  drawFastVLine                         
2000ce17  drawLine                              
2000f969  drawPixel                             
2000cf03  drawRect                              
2000cf51  drawRoundRect                         
2000d0b9  drawTriangle                          
20009f09  eTaskGetState                         
200151a5  exit                                  
200155c9  feraiseexcept                         
2000ccef  fillCircle                            
2000cd29  fillCircleHelper                      
2000f77f  fillRect                              
2000d03f  fillRoundRect                         
2000f769  fillScreen                            
2000d0fb  fillTriangle                          
2000ff17  free                                  
20015b07  frexp                                 
2002430c  gFirstCmdMode                         
20016cd8  g_H2NCnysPattern                      
20016cd0  g_H2NSyncPattern                      
20023fc4  g_PBQueue                             
200242f8  g_SpiFd                               
20023ad0  g_StatMem                             
20024130  g_bit_rep                             
20023fc8  g_cDummy                              
20024124  g_finishMode                          
20024140  g_last_bit_rep                        
20024138  g_last_toggle                         
2002418c  g_last_type                           
2002418d  g_multi_srvr_conn                     
20024304  g_pCB                                 
200242fc  g_pHostIntHdl                         
20004000  g_pfnVectors                          
20024148  g_repeat                              
20023fcc  g_rx_task_hndl                        
20023fd0  g_rx_tx_sync_obj                      
20024149  g_send_key                            
20024120  g_signalMode                          
2002412c  g_ticksElapsed                        
20024128  g_ticksLast                           
20023ee8  g_time                                
20023fb4  g_ucConnectionBSSID                   
20023f14  g_ucConnectionSSID                    
20024300  g_ucDMAEnabled                        
20023e00  g_ucDinDout                           
200242e8  g_ulGatewayIP                         
200242e4  g_ulStaIp                             
200242e0  g_ulStatus                            
20023fe4  g_usConnectIndex                      
20023fd4  g_wait_secs                           
2000f6e3  goTo                                  
2000d4fb  height                                
2000f9a7  invert                                
20009b39  itoa                                  
20015085  ldexp                                 
20014b5d  ltoa                                  
20008785  main                                  
20024330  main_func_sp                          
2000feaf  malloc                                
2000fd91  mem_Free                              
2000fd85  mem_Malloc                            
2000fdb1  mem_copy                              
2000fd9d  mem_set                               
200100e5  memalign                              
20015d29  memccpy                               
200137a9  memcpy                                
20015a59  memmove                               
2001425d  memset                                
2000fe21  minit                                 
2002414c  move_count                            
2000d9ef  mqp_ack_wlist_append                  
2000da95  mqp_ack_wlist_purge                   
2000da25  mqp_ack_wlist_remove                  
2000d77b  mqp_buf_rd_remlen                     
2000d70b  mqp_buf_tail_wr_remlen                
2000d699  mqp_buf_wr_utf8                       
2000648d  mqp_client_alloc                      
2000d5f3  mqp_free                              
2000d63f  mqp_init                              
2000dae7  mqp_prep_fh                           
2000d917  mqp_proc_msg_id_ack_rx                
2000d94d  mqp_proc_pub_rx                       
2000d90b  mqp_proc_vh_msg_id_rx                 
2000d83b  mqp_pub_append_data                   
2000d78b  mqp_pub_append_topic                  
2000db5d  mqp_recv                              
2000d633  mqp_reset                             
20006381  mqtt_client_await_msg                 
200064e1  mqtt_client_buffers_register          
20006075  mqtt_client_ctx_await_msg             
20006769  mqtt_client_ctx_create                
2000681b  mqtt_client_ctx_delete                
200065ed  mqtt_client_ctx_info_register         
200060c7  mqtt_client_ctx_run                   
20006565  mqtt_client_ctx_will_register         
20004a49  mqtt_client_is_connected              
200068fd  mqtt_client_lib_exit                  
2000687d  mqtt_client_lib_init                  
2000666d  mqtt_client_net_svc_register          
20004a41  mqtt_client_new_msg_id                
2000521f  mqtt_client_pub_dispatch              
20005191  mqtt_client_pub_msg_send              
200063e9  mqtt_client_run                       
20004c01  mqtt_client_send_progress             
20005041  mqtt_connect_msg_send                 
2000558b  mqtt_disconn_send                     
20023fd8  mqtt_lib_lockobj                      
2000554f  mqtt_pingreq_send                     
20005467  mqtt_sub_dispatch                     
20005451  mqtt_sub_msg_send                     
20005491  mqtt_unsub_dispatch                   
2000547b  mqtt_unsub_msg_send                   
2000e2c5  mutex_lockup                          
2000e2d5  mutex_unlock                          
20024294  net                                   
20024154  opp                                   
20023fe7  oppChar                               
2000fe07  osi_ContextRestore                    
2000fe05  osi_ContextSave                       
2000fdc5  osi_EnterCritical                     
2000fdcf  osi_ExitCritical                      
2000f9eb  osi_InterruptDeRegister               
2000f9c5  osi_InterruptRegister                 
2000faf5  osi_LockObjCreate                     
2000fb69  osi_LockObjDelete                     
2000fb79  osi_LockObjLock                       
2000fba5  osi_LockObjUnlock                     
2000fcb9  osi_MsgQCreate                        
2000fcfd  osi_MsgQDelete                        
2000fd49  osi_MsgQRead                          
2000fd17  osi_MsgQWrite                         
2000fde1  osi_Sleep                             
2000fbcf  osi_Spawn                             
2000fad3  osi_SyncObjClear                      
2000f9fd  osi_SyncObjCreate                     
2000fa2d  osi_SyncObjDelete                     
2000fa47  osi_SyncObjSignal                     
2000fa6f  osi_SyncObjSignalFromISR              
2000faa7  osi_SyncObjWait                       
2000fb1b  osi_TaskCreate                        
2000fb5b  osi_TaskDelete                        
2000fdf1  osi_TaskDisable                       
2000fdfb  osi_TaskEnable                        
2000fdd9  osi_start                             
20024308  pPingCallBackFunc                     
20016bbc  pcDigits                              
2000a42d  pcTaskGetTaskName                     
20015bb1  platform_get_time_in_secs             
20015ba9  platform_timer_init                   
20024150  player                                
20023fe8  playerChar                            
2001324d  portCLZ                               
20013235  prvPortStartFirstTask                 
20024184  pub_topic_sender                      
200154bd  pvPortMalloc                          
20024238  pxCurrentTCB                          
2001202d  pxPortInitialiseStack                 
2000dd81  qos2_pub_cq_check                     
2000dcff  qos2_pub_cq_logup                     
2000dcdd  qos2_pub_cq_reset                     
2000dd3d  qos2_pub_cq_unlog                     
200157ab  raise                                 
2000ffd9  realloc                               
2000eebd  recv_from                             
2000ec5f  rtc_secs                              
2000dac7  secure_conn_struct_init               
20024158  security_file_list                    
2000ee3d  send_dest                             
2000d493  setCursor                             
2000d4cb  setTextColor                          
2000d4ab  setTextSize                           
2000d4e3  setTextWrap                           
20015261  signal                                
2001191d  sl_Accept                             
20013d41  sl_Bind                               
200156ed  sl_Close                              
20012359  sl_Connect                            
20013845  sl_DevGet                             
200146c1  sl_DevSet                             
2000e45d  sl_ExtLib_MqttClientConnect           
2000e16d  sl_ExtLib_MqttClientCtxCreate         
2000e28b  sl_ExtLib_MqttClientCtxDelete         
2000e5bd  sl_ExtLib_MqttClientDisconnect        
2000e3ad  sl_ExtLib_MqttClientExit              
2000e2e5  sl_ExtLib_MqttClientInit              
2000e7dd  sl_ExtLib_MqttClientSend              
2000e401  sl_ExtLib_MqttClientSet               
2000e629  sl_ExtLib_MqttClientSub               
2000e711  sl_ExtLib_MqttClientUnsub             
200151dd  sl_Htonl                              
200153d1  sl_Htons                              
2001540d  sl_Listen                             
2001266d  sl_NetAppDnsGetHostByName             
200133c1  sl_NetAppMDNSRegisterUnregisterService
2001552b  sl_NetAppMDNSUnRegisterService        
200135c5  sl_NetCfgGet                          
20014729  sl_NetCfgSet                          
20014439  sl_Recv                               
2001224d  sl_RecvFrom                           
200117e1  sl_Select                             
20012461  sl_Send                               
20011f15  sl_SendTo                             
20014791  sl_SetSockOpt                         
20014a51  sl_Socket                             
200130dd  sl_Start                              
20012d05  sl_Stop                               
200106d5  sl_WlanConnect                        
200160f1  sl_WlanDisconnect                     
200149f1  sl_WlanPolicySet                      
2001571d  sl_WlanProfileDel                     
20014c5d  sl_WlanRxFilterSet                    
200147f9  sl_WlanSet                            
2001574d  sl_WlanSetMode                        
20014349  spi_Close                             
20011695  spi_Open                              
20012b51  spi_Read                              
20013ba5  spi_Write                             
20015fc3  strchr                                
20015f69  strcmp                                
20016029  strcpy                                
20015a7d  strcspn                               
2001603d  strlen                                
2001568d  strncpy                               
200158b1  strspn                                
200152a1  strtok                                
2000edcf  tcp_accept                            
2000ec67  tcp_listen                            
2000ebed  tcp_recv                              
2000ecf3  tcp_select                            
2000ebc7  tcp_send                              
200242cc  textbgcolor                           
200242c8  textcolor                             
200242c4  textsize                              
2000710d  tickDiff                              
2002414a  ttt_mode                              
20014f19  uDMAChannelAssign                     
200148c9  uDMAChannelAttributeDisable           
2001492d  uDMAChannelAttributeEnable            
20015449  uDMAChannelControlSet                 
20015d45  uDMAChannelEnable                     
20012a61  uDMAChannelTransferSet                
2000c6f9  ucQueueGetQueueType                   
2001319d  ulPortSetInterruptMask                
20024190  usr_connect_config                    
20011da3  uxListRemove                          
2000c6d9  uxQueueGetQueueNumber                 
2000c66d  uxQueueMessagesWaiting                
2000c6a3  uxQueueMessagesWaitingFromISR         
2000c683  uxQueueSpacesAvailable                
2000a421  uxTaskGetNumberOfTasks                
2000a451  uxTaskGetSystemState                  
2000a941  uxTaskGetTaskNumber                   
20009f9d  uxTaskPriorityGet                     
2000ae99  uxTaskResetEventItemValue             
200089a3  vApplicationIdleHook                  
200089a5  vApplicationMallocFailedHook          
200089a7  vApplicationStackOverflowHook         
20008999  vAssertCalled                         
20011cc1  vListInitialise                       
20011cf1  vListInitialiseItem                   
20011d3d  vListInsert                           
20011d01  vListInsertEnd                        
200131b3  vPortClearInterruptMask               
200120a9  vPortEndScheduler                     
200120bd  vPortEnterCritical                    
200120d5  vPortExitCritical                     
200154dd  vPortFree                             
2001320d  vPortSVCHandler                       
20012109  vPortSetupTimerInterrupt              
200120ab  vPortYield                            
2000c913  vQueueAddToRegistry                   
2000c6b5  vQueueDelete                          
2000c6e7  vQueueSetQueueNumber                  
2000c955  vQueueUnregisterQueue                 
20009eb3  vTaskDelay                            
20009e17  vTaskDelayUntil                       
20009d87  vTaskDelete                           
2000a305  vTaskEndScheduler                     
2000a933  vTaskMissedYield                      
2000a6c9  vTaskPlaceOnEventList                 
2000a72d  vTaskPlaceOnUnorderedEventList        
2000ae0f  vTaskPriorityDisinherit               
2000ad55  vTaskPriorityInherit                  
20009fd5  vTaskPrioritySet                      
2000a1cd  vTaskResume                           
2000a961  vTaskSetTaskNumber                    
2000a893  vTaskSetTimeOutState                  
2000a2bb  vTaskStartScheduler                   
2000a0d9  vTaskSuspend                          
2000a317  vTaskSuspendAll                       
2000a649  vTaskSwitchContext                    
20013cb9  vsnprintf                             
2000d4f7  width                                 
200242d0  wrap                                  
2000f549  writeCommand                          
2000f57b  writeData                             
200242d4  xHigherPriorityTaskWoken              
200131c1  xPortPendSVHandler                    
2001207d  xPortStartScheduler                   
200120ed  xPortSysTickHandler                   
2000c9a3  xQueueAddToSet                        
2000c2d5  xQueueAltGenericReceive               
2000c229  xQueueAltGenericSend                  
2000c0fd  xQueueCreateCountingSemaphore         
2000c07f  xQueueCreateMutex                     
2000c98f  xQueueCreateSet                       
2000c009  xQueueGenericCreate                   
2000c46f  xQueueGenericReceive                  
2000bf79  xQueueGenericReset                    
2000c11d  xQueueGenericSend                     
2000c3d3  xQueueGenericSendFromISR              
2000c8af  xQueueIsQueueEmptyFromISR             
2000c8f1  xQueueIsQueueFullFromISR              
2000c629  xQueuePeekFromISR                     
2000c5b1  xQueueReceiveFromISR                  
20023e50  xQueueRegistry                        
2000c9d7  xQueueRemoveFromSet                   
2000ca19  xQueueSelectFromSet                   
2000ca33  xQueueSelectFromSetFromISR            
200242d8  xSimpleLinkSpawnQueue                 
200242dc  xSimpleLinkSpawnTaskHndl              
2000a8b9  xTaskCheckForTimeOut                  
20009c79  xTaskGenericCreate                    
2000ad09  xTaskGetCurrentTaskHandle             
2000a50f  xTaskGetIdleTaskHandle                
2000ad1d  xTaskGetSchedulerState                
2000a3f5  xTaskGetTickCount                     
2000a409  xTaskGetTickCountFromISR              
2000a52d  xTaskIncrementTick                    
2000a79d  xTaskRemoveFromEventList              
2000a825  xTaskRemoveFromUnorderedEventList     
2000a329  xTaskResumeAll                        
2000a241  xTaskResumeFromISR                    
2002414b  your_turn                             


GLOBAL SYMBOLS: SORTED BY Symbol Address 

address   name                                  
-------   ----                                  
00005000  __STACK_SIZE                          
00008000  __SYSMEM_SIZE                         
20004000  g_pfnVectors                          
20004a41  mqtt_client_new_msg_id                
20004a49  mqtt_client_is_connected              
20004c01  mqtt_client_send_progress             
20005041  mqtt_connect_msg_send                 
20005191  mqtt_client_pub_msg_send              
2000521f  mqtt_client_pub_dispatch              
20005451  mqtt_sub_msg_send                     
20005467  mqtt_sub_dispatch                     
2000547b  mqtt_unsub_msg_send                   
20005491  mqtt_unsub_dispatch                   
2000554f  mqtt_pingreq_send                     
2000558b  mqtt_disconn_send                     
20006075  mqtt_client_ctx_await_msg             
200060c7  mqtt_client_ctx_run                   
20006381  mqtt_client_await_msg                 
200063e9  mqtt_client_run                       
2000648d  mqp_client_alloc                      
200064e1  mqtt_client_buffers_register          
20006565  mqtt_client_ctx_will_register         
200065ed  mqtt_client_ctx_info_register         
2000666d  mqtt_client_net_svc_register          
20006769  mqtt_client_ctx_create                
2000681b  mqtt_client_ctx_delete                
2000687d  mqtt_client_lib_init                  
200068fd  mqtt_client_lib_exit                  
200070c3  BoardInit                             
200070db  SystickInit                           
200070f1  SystickReset                          
2000710d  tickDiff                              
20007171  EdgeTriggerHandler                    
20007295  PhotoresistorIntInit                  
200072c3  PhotoresistorIntEnable                
200072e3  PhotoresistorIntDisable               
20007347  AllTimersIntInit                      
200073ab  TransitionTimerIntStart               
200073bd  FinishTimerIntStart                   
200073f1  RepeatTimerIntStart                   
20007409  TransitionTimerIntStop                
20007417  FinishTimerIntStop                    
20007429  RepeatTimerIntStop                    
2000743d  TransitionTimerIntHandler             
2000747b  FinishTimerIntHandler                 
20007499  RepeatTimerIntHandler                 
200074c5  SignalRoutine                         
200075b5  ButtonRoutine                         
20007705  PressRoutine                          
20007a65  ConfigureMessageDisplay               
20007b95  MqttClient                            
20008785  main                                  
20008999  vAssertCalled                         
200089a3  vApplicationIdleHook                  
200089a5  vApplicationMallocFailedHook          
200089a7  vApplicationStackOverflowHook         
200089b1  SimpleLinkWlanEventHandler            
20008b75  SimpleLinkNetAppEventHandler          
20008bed  SimpleLinkGeneralEventHandler         
20008c0d  SimpleLinkSockEventHandler            
20008e4b  SimpleLinkHttpServerCallback          
20009099  InitializeAppVariables                
200090d5  ConfigureSimpleLinkToDefaultState     
20009475  Network_IF_InitDriver                 
200095d9  Network_IF_DeInitDriver               
20009779  Network_IF_ConnectAP                  
20009957  Network_IF_DisconnectFromAP           
20009995  Network_IF_IpConfigGet                
20009a09  Network_IF_GetHostIP                  
20009a75  Network_IF_ResetMCUStateMachine       
20009a7d  Network_IF_CurrentMCUState            
20009a83  Network_IF_SetMCUMachineState         
20009a9f  Network_IF_UnsetMCUMachineState       
20009b39  itoa                                  
20009c79  xTaskGenericCreate                    
20009d87  vTaskDelete                           
20009e17  vTaskDelayUntil                       
20009eb3  vTaskDelay                            
20009f09  eTaskGetState                         
20009f9d  uxTaskPriorityGet                     
20009fd5  vTaskPrioritySet                      
2000a0d9  vTaskSuspend                          
2000a1cd  vTaskResume                           
2000a241  xTaskResumeFromISR                    
2000a2bb  vTaskStartScheduler                   
2000a305  vTaskEndScheduler                     
2000a317  vTaskSuspendAll                       
2000a329  xTaskResumeAll                        
2000a3f5  xTaskGetTickCount                     
2000a409  xTaskGetTickCountFromISR              
2000a421  uxTaskGetNumberOfTasks                
2000a42d  pcTaskGetTaskName                     
2000a451  uxTaskGetSystemState                  
2000a50f  xTaskGetIdleTaskHandle                
2000a52d  xTaskIncrementTick                    
2000a649  vTaskSwitchContext                    
2000a6c9  vTaskPlaceOnEventList                 
2000a72d  vTaskPlaceOnUnorderedEventList        
2000a79d  xTaskRemoveFromEventList              
2000a825  xTaskRemoveFromUnorderedEventList     
2000a893  vTaskSetTimeOutState                  
2000a8b9  xTaskCheckForTimeOut                  
2000a933  vTaskMissedYield                      
2000a941  uxTaskGetTaskNumber                   
2000a961  vTaskSetTaskNumber                    
2000ad09  xTaskGetCurrentTaskHandle             
2000ad1d  xTaskGetSchedulerState                
2000ad55  vTaskPriorityInherit                  
2000ae0f  vTaskPriorityDisinherit               
2000ae99  uxTaskResetEventItemValue             
2000bc71  __TI_printfi                          
2000bf79  xQueueGenericReset                    
2000c009  xQueueGenericCreate                   
2000c07f  xQueueCreateMutex                     
2000c0fd  xQueueCreateCountingSemaphore         
2000c11d  xQueueGenericSend                     
2000c229  xQueueAltGenericSend                  
2000c2d5  xQueueAltGenericReceive               
2000c3d3  xQueueGenericSendFromISR              
2000c46f  xQueueGenericReceive                  
2000c5b1  xQueueReceiveFromISR                  
2000c629  xQueuePeekFromISR                     
2000c66d  uxQueueMessagesWaiting                
2000c683  uxQueueSpacesAvailable                
2000c6a3  uxQueueMessagesWaitingFromISR         
2000c6b5  vQueueDelete                          
2000c6d9  uxQueueGetQueueNumber                 
2000c6e7  vQueueSetQueueNumber                  
2000c6f9  ucQueueGetQueueType                   
2000c8af  xQueueIsQueueEmptyFromISR             
2000c8f1  xQueueIsQueueFullFromISR              
2000c913  vQueueAddToRegistry                   
2000c955  vQueueUnregisterQueue                 
2000c98f  xQueueCreateSet                       
2000c9a3  xQueueAddToSet                        
2000c9d7  xQueueRemoveFromSet                   
2000ca19  xQueueSelectFromSet                   
2000ca33  xQueueSelectFromSetFromISR            
2000ca9d  drawCircle                            
2000cbd1  drawCircleHelper                      
2000ccef  fillCircle                            
2000cd29  fillCircleHelper                      
2000ce17  drawLine                              
2000cf03  drawRect                              
2000cf51  drawRoundRect                         
2000d03f  fillRoundRect                         
2000d0b9  drawTriangle                          
2000d0fb  fillTriangle                          
2000d2fb  drawChar                              
2000d447  Outstr                                
2000d493  setCursor                             
2000d4ab  setTextSize                           
2000d4cb  setTextColor                          
2000d4e3  setTextWrap                           
2000d4f7  width                                 
2000d4fb  height                                
2000d5f3  mqp_free                              
2000d633  mqp_reset                             
2000d63f  mqp_init                              
2000d699  mqp_buf_wr_utf8                       
2000d70b  mqp_buf_tail_wr_remlen                
2000d77b  mqp_buf_rd_remlen                     
2000d78b  mqp_pub_append_topic                  
2000d83b  mqp_pub_append_data                   
2000d90b  mqp_proc_vh_msg_id_rx                 
2000d917  mqp_proc_msg_id_ack_rx                
2000d94d  mqp_proc_pub_rx                       
2000d9ef  mqp_ack_wlist_append                  
2000da25  mqp_ack_wlist_remove                  
2000da95  mqp_ack_wlist_purge                   
2000dac7  secure_conn_struct_init               
2000dae7  mqp_prep_fh                           
2000db5d  mqp_recv                              
2000dcdd  qos2_pub_cq_reset                     
2000dcff  qos2_pub_cq_logup                     
2000dd3d  qos2_pub_cq_unlog                     
2000dd81  qos2_pub_cq_check                     
2000ddf1  cl_ctx_reset                          
2000de21  cl_ctx_timeout_insert                 
2000de91  cl_ctx_remove                         
2000dee7  cl_ctx_timeout_update                 
2000e0d3  VMqttRecvTask                         
2000e16d  sl_ExtLib_MqttClientCtxCreate         
2000e28b  sl_ExtLib_MqttClientCtxDelete         
2000e2c5  mutex_lockup                          
2000e2d5  mutex_unlock                          
2000e2e5  sl_ExtLib_MqttClientInit              
2000e3ad  sl_ExtLib_MqttClientExit              
2000e401  sl_ExtLib_MqttClientSet               
2000e45d  sl_ExtLib_MqttClientConnect           
2000e5bd  sl_ExtLib_MqttClientDisconnect        
2000e629  sl_ExtLib_MqttClientSub               
2000e711  sl_ExtLib_MqttClientUnsub             
2000e7dd  sl_ExtLib_MqttClientSend              
2000eabd  comm_open                             
2000ebc7  tcp_send                              
2000ebed  tcp_recv                              
2000ec4d  comm_close                            
2000ec5f  rtc_secs                              
2000ec67  tcp_listen                            
2000ecf3  tcp_select                            
2000edcf  tcp_accept                            
2000ee3d  send_dest                             
2000eebd  recv_from                             
2000ef5d  _SlDrvMsgRead                         
2000f549  writeCommand                          
2000f57b  writeData                             
2000f5ad  Adafruit_Init                         
2000f6e3  goTo                                  
2000f727  Color565                              
2000f769  fillScreen                            
2000f77f  fillRect                              
2000f831  drawFastVLine                         
2000f8cd  drawFastHLine                         
2000f969  drawPixel                             
2000f9a7  invert                                
2000f9c5  osi_InterruptRegister                 
2000f9eb  osi_InterruptDeRegister               
2000f9fd  osi_SyncObjCreate                     
2000fa2d  osi_SyncObjDelete                     
2000fa47  osi_SyncObjSignal                     
2000fa6f  osi_SyncObjSignalFromISR              
2000faa7  osi_SyncObjWait                       
2000fad3  osi_SyncObjClear                      
2000faf5  osi_LockObjCreate                     
2000fb1b  osi_TaskCreate                        
2000fb5b  osi_TaskDelete                        
2000fb69  osi_LockObjDelete                     
2000fb79  osi_LockObjLock                       
2000fba5  osi_LockObjUnlock                     
2000fbcf  osi_Spawn                             
2000fc3d  VStartSimpleLinkSpawnTask             
2000fc8d  VDeleteSimpleLinkSpawnTask            
2000fcb9  osi_MsgQCreate                        
2000fcfd  osi_MsgQDelete                        
2000fd17  osi_MsgQWrite                         
2000fd49  osi_MsgQRead                          
2000fd85  mem_Malloc                            
2000fd91  mem_Free                              
2000fd9d  mem_set                               
2000fdb1  mem_copy                              
2000fdc5  osi_EnterCritical                     
2000fdcf  osi_ExitCritical                      
2000fdd9  osi_start                             
2000fde1  osi_Sleep                             
2000fdf1  osi_TaskDisable                       
2000fdfb  osi_TaskEnable                        
2000fe05  osi_ContextSave                       
2000fe07  osi_ContextRestore                    
2000fe21  minit                                 
2000feaf  malloc                                
2000ff17  free                                  
2000ffd9  realloc                               
200100e5  memalign                              
200101c9  calloc                                
200101fd  InitTerm                              
2001021b  Message                               
2001023d  ClearTerm                             
20010247  Error                                 
2001027f  GetCmd                                
20010335  TrimSpace                             
200103cd  Report                                
2001048d  _SlDrvRxHdrRead                       
200106d5  sl_WlanConnect                        
20010919  __aeabi_uldivmod                      
20010b0d  _SlDrvReleasePoolObj                  
20010cdd  _SlDrvMsgWrite                        
20010f29  Timer_IF_Init                         
20010f5b  Timer_IF_IntSetup                     
20010fcd  Timer_IF_InterruptClear               
20010fe5  Timer_IF_Start                        
20011005  Timer_IF_Stop                         
20011015  Timer_IF_DeInit                       
2001102f  Timer_IF_ReLoad                       
20011047  Timer_IF_GetCount                     
20011069  __aeabi_dsub                          
20011073  __aeabi_dadd                          
20011221  _SlDrvWaitForPoolObj                  
200113b1  _SlDrvDriverCBInit                    
20011525  _SlFindAndSetActiveObj                
20011695  spi_Open                              
200117e1  sl_Select                             
2001191d  sl_Accept                             
20011a55  __aeabi_ddiv                          
20011b8d  PRCMCC3200MCUInit                     
20011cc1  vListInitialise                       
20011cf1  vListInitialiseItem                   
20011d01  vListInsertEnd                        
20011d3d  vListInsert                           
20011da3  uxListRemove                          
20011ded  _SlDrvDataReadOp                      
20011f15  sl_SendTo                             
2001202d  pxPortInitialiseStack                 
2001207d  xPortStartScheduler                   
200120a9  vPortEndScheduler                     
200120ab  vPortYield                            
200120bd  vPortEnterCritical                    
200120d5  vPortExitCritical                     
200120ed  xPortSysTickHandler                   
20012109  vPortSetupTimerInterrupt              
2001213d  _Dscale                               
2001224d  sl_RecvFrom                           
20012359  sl_Connect                            
20012461  sl_Send                               
20012569  _SlDrvDataWriteOp                     
2001266d  sl_NetAppDnsGetHostByName             
20012771  _SlDrvNetAppEventHandler              
2001286f  __aeabi_dmul                          
2001296d  _SlDrvDriverCBDeinit                  
20012a61  uDMAChannelTransferSet                
20012b51  spi_Read                              
20012c2d  _SlDrvClassifyRxMsg                   
20012d05  sl_Stop                               
20012dd9  _sl_HandleAsync_DnsGetHostByService   
20012ea1  _SlRemoveFromList                     
20012f61  _Dnorm                                
20013021  _SlDrvMsgReadCmdCtx                   
200130dd  sl_Start                              
2001319d  ulPortSetInterruptMask                
200131b3  vPortClearInterruptMask               
200131c1  xPortPendSVHandler                    
2001320d  vPortSVCHandler                       
20013235  prvPortStartFirstTask                 
2001324d  portCLZ                               
20013255  _SlAsyncEventGenericHandler           
2001330d  PinMuxConfig                          
200133c1  sl_NetAppMDNSRegisterUnregisterService
20013475  IntDisable                            
2001351d  IntEnable                             
200135c5  sl_NetCfgGet                          
2001366d  SPIConfigSetExpClk                    
2001370d  _SlDrvMsgReadSpawnCtx                 
200137a9  __aeabi_memcpy                        
200137a9  __aeabi_memcpy4                       
200137a9  __aeabi_memcpy8                       
200137a9  memcpy                                
20013845  sl_DevGet                             
200138e1  PRCMPeripheralClockGet                
20013a8d  _sl_HandleAsync_DnsGetHostByName      
20013b19  _sl_HandleAsync_PingResponse          
20013ba5  spi_Write                             
20013c31  PinConfigSet                          
20013cb9  vsnprintf                             
20013d41  sl_Bind                               
20013dc9  __aeabi_cdcmpeq                       
20013dc9  __aeabi_cdcmple                       
20013e4f  __aeabi_cdrcmple                      
20013ed5  NwpPowerOnPreamble                    
20013f59  GPIOIntTypeSet                        
20013fdd  _SlDrvCmdOp                           
2001415d  PRCMRTCGet                            
200141d9  _sl_HandleAsync_InitComplete          
20014255  __aeabi_memclr                        
20014255  __aeabi_memclr4                       
20014255  __aeabi_memclr8                       
20014257  __aeabi_memset                        
20014257  __aeabi_memset4                       
20014257  __aeabi_memset8                       
2001425d  memset                                
200142d1  _sl_HandleAsync_Connect               
20014349  spi_Close                             
200143c1  UARTConfigSetExpClk                   
20014439  sl_Recv                               
200144ad  _SlDrvCmdSend                         
20014519  __TI_auto_init                        
200145f1  TimerIntUnregister                    
20014659  _sl_NetAppSendTokenValue              
200146c1  sl_DevSet                             
20014729  sl_NetCfgSet                          
20014791  sl_SetSockOpt                         
200147f9  sl_WlanSet                            
20014861  _Dunscale                             
200148c9  uDMAChannelAttributeDisable           
2001492d  uDMAChannelAttributeEnable            
20014991  _sl_HandleAsync_Accept                
200149f1  sl_WlanPolicySet                      
20014a51  sl_Socket                             
20014aad  IntPendClear                          
20014b05  PRCMPeripheralReset                   
20014b5d  ltoa                                  
20014bb5  IntPrioritySet                        
20014c09  _sl_HandleAsync_Select                
20014c5d  sl_WlanRxFilterSet                    
20014cb1  PRCMSlowClkCtrGet                     
20014d01  _sl_HandleAsync_Stop                  
20014d51  SPIIntEnable                          
20014d9d  _SlDrvProtectAsyncRespSetting         
20014de9  _SlDrvRxIrqHandler                    
20014e35  _sl_BuildAddress                      
20014e81  atoi                                  
20014ecd  copy_in                               
20014f19  uDMAChannelAssign                     
20014fad  SPIIntClear                           
20014ff5  _SlDrvBasicCmd                        
2001503d  __aeabi_d2iz                          
20015085  ldexp                                 
20015111  TimerConfigure                        
20015199  C$$EXIT                               
2001519d  abort                                 
200151a5  exit                                  
200151dd  sl_Htonl                              
20015221  PinModeSet                            
20015261  signal                                
200152a1  strtok                                
200152e1  CopyPingResultsToReport               
2001531d  PRCMPeripheralClkEnable               
20015359  _sl_TruncatePayloadByProtocol         
20015395  _c_int00                              
200153d1  sl_Htons                              
2001540d  sl_Listen                             
20015449  uDMAChannelControlSet                 
20015485  NwpPowerOff                           
200154bd  pvPortMalloc                          
200154dd  vPortFree                             
200154f5  GPIODirModeSet                        
2001552b  sl_NetAppMDNSUnRegisterService        
20015561  PRCMPeripheralStatusGet               
20015595  SPIFIFOLevelSet                       
200155c9  feraiseexcept                         
200155fd  PinTypeGPIO                           
2001562d  UARTDisable                           
2001565d  _SlDrvDeviceEventHandler              
2001568d  strncpy                               
200156bd  _Feraise                              
200156ed  sl_Close                              
2001571d  sl_WlanProfileDel                     
2001574d  sl_WlanSetMode                        
2001577d  __aeabi_i2d                           
200157ab  raise                                 
200157d9  DmaSpiSwIntHandler                    
20015805  NwpPowerOn                            
20015831  PRCMSysResetCauseGet                  
2001585d  TimerLoadSet                          
20015887  TimerPrescaleSet                      
200158b1  strspn                                
200158db  _Dclass                               
2001592d  PRCMPeripheralClkDisable              
20015955  SL_FD_ISSET                           
2001597d  NwpRegisterInterruptHandler           
200159a5  IntUnregister                         
20015a11  UARTEnable                            
20015a35  _SlDrvProtectionObjLockWaitForever    
20015a59  memmove                               
20015a7d  strcspn                               
20015aa1  SL_FD_SET                             
20015ac3  SPIReset                              
20015ae5  SPIWordCountSet                       
20015b07  frexp                                 
20015b29  GPIOPinWrite                          
20015b49  IntRegister                           
20015b69  SPIDataGet                            
20015b89  _SlDrvProtectionObjUnLock             
20015ba9  platform_timer_init                   
20015bb1  platform_get_time_in_secs             
20015bc9  GPIOIntRegister                       
20015be7  SPIDataPut                            
20015c05  TimerDisable                          
20015c23  TimerEnable                           
20015c41  TimerIntStatus                        
20015c5f  UARTCharPut                           
20015c9d  SysTickIntRegister                    
20015cb9  TimerValueGet                         
20015cd5  UARTCharGetNonBlocking                
20015cf1  _SlDrvObjLockWaitForever              
20015d0d  _SlDrvSyncObjWaitForever              
20015d29  memccpy                               
20015d45  uDMAChannelEnable                     
20015d61  GPIOIntDisable                        
20015d7b  GPIOIntEnable                         
20015d95  PinTypeSPI                            
20015daf  PinTypeUART                           
20015dc9  SPIDmaDisable                         
20015de3  SPIDmaEnable                          
20015dfd  SPIFIFODisable                        
20015e17  SPIFIFOEnable                         
20015e31  GPIOPinRead                           
20015e49  SPICSDisable                          
20015e61  SPICSEnable                           
20015e79  SPIDisable                            
20015e91  SPIEnable                             
20015ea9  SysTickPeriodSet                      
20015ec1  TimerIntDisable                       
20015ed9  TimerIntEnable                        
20015ef1  UARTCharsAvail                        
20015f09  _SlDrvObjUnLock                       
20015f21  _SlDrvSyncObjSignal                   
20015f39  _sl_GetStartResponseConvert           
20015f51  _args_main                            
20015f69  strcmp                                
20015f81  PRCMHIBRegRead                        
20015f97  PRCMHIBRegWrite                       
20015fad  _SlDrvMemZero                         
20015fc3  strchr                                
20015fd9  CPUcpsie                              
20015fed  GPIOIntClear                          
20016001  IntVTableBaseSet                      
20016015  _register_unlock                      
2001601b  _register_lock                        
20016023  _nop                                  
20016029  strcpy                                
2001603d  strlen                                
20016051  TimerIntClear                         
20016075  SL_FD_ZERO                            
20016085  SysTickEnable                         
20016095  _SlDrvResetCmdExt                     
200160a3  __TI_decompress_none                  
200160b1  ResetISR                              
200160c1  NwpMaskInterrupt                      
200160cd  NwpUnMaskInterrupt                    
200160d9  SysTickValueGet                       
200160e5  __TI_zero_init                        
200160f1  sl_WlanDisconnect                     
200160fd  IntMasterEnable                       
20016107  PRCMRTCInUseSet                       
2001610f  UtilsDelay                            
20016115  __TI_decompress_rle24                 
2001611b  _system_pre_init                      
2001661b  _ctypes_                              
20016bbc  pcDigits                              
20016c1e  OpcodeTranslateTable                  
20016c5a  _SlPolicySetCmdCtrl                   
20016c5e  _SlPolicyGetCmdCtrl                   
20016c62  _SlProfileGetCmdCtrl                  
20016c66  _SlProfileDelCmdCtrl                  
20016c6a  _SlWlanGetNetworkListCtrl             
20016c6e  _SlRxFilterAddtCmdCtrl                
20016c72  _SlRxFilterSetCmdCtrl                 
20016c76  _SlRxFilterGetCmdCtrl                 
20016c7a  _SlSmartConfigStartCmdCtrl            
20016c7e  _SlWlanSetModeCmdCtrl                 
20016c82  _SlWlanCfgSetCmdCtrl                  
20016c86  _SlWlanCfgGetCmdCtrl                  
20016c98  _SlActionLookupTable                  
20016cd0  g_H2NSyncPattern                      
20016cd8  g_H2NCnysPattern                      
20016ce0  RxMsgClassLUT                         
20016d04  _SlSockSocketCmdCtrl                  
20016d08  _SlSockCloseCmdCtrl                   
20016d0c  _SlRecvfomCmdCtrl                     
20016d10  _SlSendCmdCtrl                        
20016d14  _SlListenCmdCtrl                      
20016d18  _SlAcceptCmdCtrl                      
20016d1c  _SlRecvCmdCtrl                        
20016d20  _SlSetSockOptCmdCtrl                  
20016d24  _SlGetSockOptCmdCtrl                  
20016d28  _SlSelectCmdCtrl                      
20016d64  _SlNetAppStartCtrl                    
20016d68  _SlNetAppStopCtrl                     
20016d6c  _SlGetServiceListeCtrl                
20016d70  _SlRegisterServiceCtrl                
20016d74  _SlGetHostByServiceCtrl               
20016d78  _SlGetHostByNameCtrl                  
20016d7c  _SlNetAppSetCmdCtrl                   
20016d80  _SlNetAppSendTokenValueCmdCtrl        
20016d84  _SlNetAppGetCmdCtrl                   
20016e0c  _SlStopCmdCtrl                        
20016e10  _SlEventMaskSetCmdCtrl                
20016e14  _SlEventMaskGetCmdCtrl                
20016e18  _SlDeviceGetCmdCtrl                   
20016e1c  _SlDeviceSetCmdCtrl                   
20016e20  _SlPayloadByProtocolLUT               
20016e3b  StartResponseLUT                      
20016e44  _SlNetCfgSetCmdCtrl                   
20016e48  _SlNetCfgGetCmdCtrl                   
20016e50  __TI_static_base__                    
20016f90  __TI_Handler_Table_Base               
20016f9c  __TI_Handler_Table_Limit              
20016fa8  __TI_CINIT_Base                       
20016fb8  __TI_CINIT_Limit                      
2001b000  _sys_memory                           
20023ad0  g_StatMem                             
20023e00  g_ucDinDout                           
20023e50  xQueueRegistry                        
20023ee8  g_time                                
20023f14  g_ucConnectionSSID                    
20023fb4  g_ucConnectionBSSID                   
20023fbc  DMAMsgQ                               
20023fc4  g_PBQueue                             
20023fc8  g_cDummy                              
20023fcc  g_rx_task_hndl                        
20023fd0  g_rx_tx_sync_obj                      
20023fd4  g_wait_secs                           
20023fd8  mqtt_lib_lockobj                      
20023fe4  g_usConnectIndex                      
20023fe6  RxIrqCnt                              
20023fe7  oppChar                               
20023fe8  playerChar                            
200240a0  _Denorm                               
200240b0  _Eps                                  
200240c0  _Hugeval                              
200240d0  _Inf                                  
200240e0  _Nan                                  
200240f0  _Snan                                 
20024100  _Rteps                                
20024110  _Xbig                                 
20024118  _Zero                                 
20024120  g_signalMode                          
20024124  g_finishMode                          
20024128  g_ticksLast                           
2002412c  g_ticksElapsed                        
20024130  g_bit_rep                             
20024138  g_last_toggle                         
20024140  g_last_bit_rep                        
20024148  g_repeat                              
20024149  g_send_key                            
2002414a  ttt_mode                              
2002414b  your_turn                             
2002414c  move_count                            
20024150  player                                
20024154  opp                                   
20024158  security_file_list                    
20024164  SecurityParams                        
20024170  Mqtt_Client                           
20024184  pub_topic_sender                      
20024188  app_hndl                              
2002418c  g_last_type                           
2002418d  g_multi_srvr_conn                     
20024190  usr_connect_config                    
200241fc  debug_printf                          
20024238  pxCurrentTCB                          
2002426c  board                                 
20024294  net                                   
200242bc  cursor_x                              
200242c0  cursor_y                              
200242c4  textsize                              
200242c8  textcolor                             
200242cc  textbgcolor                           
200242d0  wrap                                  
200242d4  xHigherPriorityTaskWoken              
200242d8  xSimpleLinkSpawnQueue                 
200242dc  xSimpleLinkSpawnTaskHndl              
200242e0  g_ulStatus                            
200242e4  g_ulStaIp                             
200242e8  g_ulGatewayIP                         
200242f8  g_SpiFd                               
200242fc  g_pHostIntHdl                         
20024300  g_ucDMAEnabled                        
20024304  g_pCB                                 
20024308  pPingCallBackFunc                     
2002430c  gFirstCmdMode                         
20024310  _lock                                 
20024314  _unlock                               
20024318  __TI_cleanup_ptr                      
2002431c  __TI_dtors_ptr                        
20024320  _Fenv                                 
20024324  _Tls_setup__Fenv                      
2002432c  _Errno                                
20024330  main_func_sp                          
2002b000  __stack                               
20030000  __STACK_END                           
ffffffff  __binit__                             
ffffffff  __c_args__                            
ffffffff  binit                                 
UNDEFED   SHT$$INIT_ARRAY$$Base                 
UNDEFED   SHT$$INIT_ARRAY$$Limit                

[655 symbols]
