******************************************************************************
                  TI ARM Linker PC v5.2.5                      
******************************************************************************
>> Linked Mon Feb 15 18:49:37 2016

OUTPUT FILE NAME:   <mqtt_client_secure.out>
ENTRY POINT SYMBOL: "_c_int00"  address: 2001356d


MEMORY CONFIGURATION

         name            origin    length      used     unused   attr    fill
----------------------  --------  ---------  --------  --------  ----  --------
  SRAM_CODE             20004000   00016fff  00010c72  0000638d  RW X
  SRAM_DATA             2001b000   00015000  0000e2f4  00006d0c  RW X


SEGMENT ALLOCATION MAP

run origin  load origin   length   init length attrs members
----------  ----------- ---------- ----------- ----- -------
20004000    20004000    00010c78   00010c78    r-x
  20004000    20004000    00000400   00000400    r-- .intvecs
  20004400    20004400    0000fe62   0000fe62    r-x .text
  20014264    20014264    000008a0   000008a0    r-- .const
  20014b08    20014b08    00000170   00000170    r-- .cinit
2001b000    2001b000    000092f8   00000000    rw-
  2001b000    2001b000    00008000   00000000    rw- .sysmem
  20023000    20023000    00000ff4   00000000    rw- .bss
  20023ff8    20023ff8    00000300   00000000    rw- .data
2002b000    2002b000    00005000   00000000    rw-
  2002b000    2002b000    00005000   00000000    rw- .stack


SECTION ALLOCATION MAP

 output                                  attributes/
section   page    origin      length       input sections
--------  ----  ----------  ----------   ----------------
.intvecs   0    20004000    00000400     
                  20004000    00000400     startup_ccs.obj (.intvecs)

.init_array 
*          0    20004000    00000000     UNINITIALIZED

.text      0    20004400    0000fe62     
                  20004400    000025c4     mqtt.a : mqtt_client.obj (.text)
                  200069c4    000012e0     network_if.obj (.text)
                  20007ca4    00001258     free_rtos.a : tasks.obj (.text)
                  20008efc    000010a6     rtsv7M4_T_le_eabi.lib : _printfi.obj (.text)
                  20009fa2    00000002     driverlib.a : interrupt.obj (.text:IntDefaultHandler)
                  20009fa4    00000c28     main.obj (.text)
                  2000abcc    00000b24     free_rtos.a : queue.obj (.text)
                  2000b6f0    00000a0a     mqtt.a : mqtt_common.obj (.text)
                  2000c0fa    00000002     --HOLE-- [fill = 0]
                  2000c0fc    00000978            : sl_mqtt_client.obj (.text)
                  2000ca74    000006bc            : cc31xx_sl_net.obj (.text)
                  2000d130    000005ec     simplelink.a : driver.obj (.text:_SlDrvMsgRead)
                  2000d71c    0000045c     free_rtos.a : osi_freertos.obj (.text)
                  2000db78    000003dc     rtsv7M4_T_le_eabi.lib : memory.obj (.text)
                  2000df54    00000394     gpio_if.obj (.text)
                  2000e2e8    00000290     uart_if.obj (.text)
                  2000e578    00000248     simplelink.a : driver.obj (.text:_SlDrvRxHdrRead)
                  2000e7c0    00000244                  : wlan.obj (.text:sl_WlanConnect)
                  2000ea04    000001f4     rtsv7M4_T_le_eabi.lib : ull_div_t2.obj (.text)
                  2000ebf8    000001d0     simplelink.a : driver.obj (.text:_SlDrvReleasePoolObj)
                  2000edc8    000001cc                  : driver.obj (.text:_SlDrvMsgWrite)
                  2000ef94    000001c0     timer_if.obj (.text)
                  2000f154    000001b6     rtsv7M4_T_le_eabi.lib : fd_add_t2.obj (.text)
                  2000f30a    00000002     --HOLE-- [fill = 0]
                  2000f30c    00000190     simplelink.a : driver.obj (.text:_SlDrvWaitForPoolObj)
                  2000f49c    00000174                  : driver.obj (.text:_SlDrvDriverCBInit)
                  2000f610    00000170                  : driver.obj (.text:_SlFindAndSetActiveObj)
                  2000f780    00000150     button_if.obj (.text)
                  2000f8d0    0000014c     simplelink.a : cc_pal.obj (.text:spi_Open)
                  2000fa1c    0000013c                  : socket.obj (.text:sl_Select)
                  2000fb58    00000138                  : socket.obj (.text:sl_Accept)
                  2000fc90    00000136     rtsv7M4_T_le_eabi.lib : fd_div_t2.obj (.text)
                  2000fdc6    00000002     --HOLE-- [fill = 0]
                  2000fdc8    00000134     driverlib.a : prcm.obj (.text:PRCMCC3200MCUInit)
                  2000fefc    0000012a     free_rtos.a : list.obj (.text)
                  20010026    00000002     --HOLE-- [fill = 0]
                  20010028    00000128     simplelink.a : driver.obj (.text:_SlDrvDataReadOp)
                  20010150    00000118                  : socket.obj (.text:sl_SendTo)
                  20010268    00000110     free_rtos.a : port.obj (.text)
                  20010378    00000110     rtsv7M4_T_le_eabi.lib : xdscale.obj (.text)
                  20010488    0000010c     simplelink.a : socket.obj (.text:sl_RecvFrom)
                  20010594    00000108                  : socket.obj (.text:sl_Connect)
                  2001069c    00000108                  : socket.obj (.text:sl_Send)
                  200107a4    00000104                  : driver.obj (.text:_SlDrvDataWriteOp)
                  200108a8    00000104                  : netapp.obj (.text:sl_NetAppDnsGetHostByName)
                  200109ac    000000fe                  : netapp.obj (.text:_SlDrvNetAppEventHandler)
                  20010aaa    000000fc     rtsv7M4_T_le_eabi.lib : fd_mul_t2.obj (.text)
                  20010ba6    00000002     --HOLE-- [fill = 0]
                  20010ba8    000000f4     simplelink.a : driver.obj (.text:_SlDrvDriverCBDeinit)
                  20010c9c    000000f0     driverlib.a : udma.obj (.text:uDMAChannelTransferSet)
                  20010d8c    000000dc     simplelink.a : cc_pal.obj (.text:spi_Read)
                  20010e68    000000d8                  : driver.obj (.text:_SlDrvClassifyRxMsg)
                  20010f40    000000d4                  : device.obj (.text:sl_Stop)
                  20011014    000000c8                  : netapp.obj (.text:_sl_HandleAsync_DnsGetHostByService)
                  200110dc    000000c0                  : driver.obj (.text:_SlRemoveFromList)
                  2001119c    000000be     rtsv7M4_T_le_eabi.lib : xdnorm.obj (.text)
                  2001125a    00000002     --HOLE-- [fill = 0]
                  2001125c    000000bc     simplelink.a : driver.obj (.text:_SlDrvMsgReadCmdCtx)
                  20011318    000000bc                  : device.obj (.text:sl_Start)
                  200113d4    000000ba     free_rtos.a : portasm.obj (.text)
                  2001148e    00000002     --HOLE-- [fill = 0]
                  20011490    000000b8     simplelink.a : driver.obj (.text:_SlAsyncEventGenericHandler)
                  20011548    000000b4                  : netapp.obj (.text:sl_NetAppMDNSRegisterUnregisterService)
                  200115fc    000000a8     driverlib.a : interrupt.obj (.text:IntDisable)
                  200116a4    000000a8                 : interrupt.obj (.text:IntEnable)
                  2001174c    000000a8     simplelink.a : netcfg.obj (.text:sl_NetCfgGet)
                  200117f4    000000a0     driverlib.a : spi.obj (.text:SPIConfigSetExpClk)
                  20011894    0000009c     simplelink.a : driver.obj (.text:_SlDrvMsgReadSpawnCtx)
                  20011930    0000009c     rtsv7M4_T_le_eabi.lib : memcpy_t2.obj (.text)
                  200119cc    0000009c     simplelink.a : device.obj (.text:sl_DevGet)
                  20011a68    00000098     pinmux.obj (.text)
                  20011b00    00000094     driverlib.a : prcm.obj (.text:PRCMPeripheralClockGet)
                  20011b94    0000008c     simplelink.a : cc_pal.obj (.text:SetupDMAReceive)
                  20011c20    0000008c                  : cc_pal.obj (.text:SetupDMASend)
                  20011cac    0000008c                  : netapp.obj (.text:_sl_HandleAsync_DnsGetHostByName)
                  20011d38    0000008c                  : netapp.obj (.text:_sl_HandleAsync_PingResponse)
                  20011dc4    0000008c                  : cc_pal.obj (.text:spi_Write)
                  20011e50    00000088     driverlib.a : pin.obj (.text:PinConfigSet)
                  20011ed8    00000088     rtsv7M4_T_le_eabi.lib : vsnprintf.obj (.text)
                  20011f60    00000088     simplelink.a : socket.obj (.text:sl_Bind)
                  20011fe8    00000086     rtsv7M4_T_le_eabi.lib : fd_cmp_t2.obj (.text:__aeabi_cdcmple)
                  2001206e    00000086                           : fd_cmp_t2.obj (.text:__aeabi_cdrcmple)
                  200120f4    00000084     simplelink.a : cc_pal.obj (.text:NwpPowerOnPreamble)
                  20012178    00000082     driverlib.a : gpio.obj (.text:GPIOIntTypeSet)
                  200121fa    00000002     --HOLE-- [fill = 0]
                  200121fc    00000080     simplelink.a : driver.obj (.text:_SlDrvCmdOp)
                  2001227c    00000080                  : cc_pal.obj (.text:spi_Read_CPU)
                  200122fc    00000080                  : cc_pal.obj (.text:spi_Write_CPU)
                  2001237c    0000007c     driverlib.a : prcm.obj (.text:PRCMRTCGet)
                  200123f8    0000007c     simplelink.a : device.obj (.text:_sl_HandleAsync_InitComplete)
                  20012474    0000007a     rtsv7M4_T_le_eabi.lib : memset_t2.obj (.text)
                  200124ee    00000002     --HOLE-- [fill = 0]
                  200124f0    00000078     simplelink.a : socket.obj (.text:_sl_HandleAsync_Connect)
                  20012568    00000078                  : cc_pal.obj (.text:spi_Close)
                  200125e0    00000076     driverlib.a : uart.obj (.text:UARTConfigSetExpClk)
                  20012656    00000002     --HOLE-- [fill = 0]
                  20012658    00000074     simplelink.a : socket.obj (.text:sl_Recv)
                  200126cc    0000006c                  : driver.obj (.text:_SlDrvCmdSend)
                  20012738    0000006c     rtsv7M4_T_le_eabi.lib : autoinit.obj (.text)
                  200127a4    0000006a                           : copy_decompress_rle.obj (.text)
                  2001280e    00000002     --HOLE-- [fill = 0]
                  20012810    00000068     driverlib.a : timer.obj (.text:TimerIntUnregister)
                  20012878    00000068     simplelink.a : netapp.obj (.text:_sl_NetAppSendTokenValue)
                  200128e0    00000068                  : device.obj (.text:sl_DevSet)
                  20012948    00000068                  : netcfg.obj (.text:sl_NetCfgSet)
                  200129b0    00000068                  : socket.obj (.text:sl_SetSockOpt)
                  20012a18    00000068                  : wlan.obj (.text:sl_WlanSet)
                  20012a80    00000066     rtsv7M4_T_le_eabi.lib : xdunscal.obj (.text)
                  20012ae6    00000002     --HOLE-- [fill = 0]
                  20012ae8    00000064     driverlib.a : udma.obj (.text:uDMAChannelAttributeDisable)
                  20012b4c    00000064                 : udma.obj (.text:uDMAChannelAttributeEnable)
                  20012bb0    00000060     simplelink.a : socket.obj (.text:_sl_HandleAsync_Accept)
                  20012c10    00000060                  : wlan.obj (.text:sl_WlanPolicySet)
                  20012c70    0000005c                  : socket.obj (.text:sl_Socket)
                  20012ccc    00000058     driverlib.a : interrupt.obj (.text:IntPendClear)
                  20012d24    00000058                 : prcm.obj (.text:PRCMPeripheralReset)
                  20012d7c    00000056     rtsv7M4_T_le_eabi.lib : ltoa.obj (.text)
                  20012dd2    00000002     --HOLE-- [fill = 0]
                  20012dd4    00000054     driverlib.a : interrupt.obj (.text:IntPrioritySet)
                  20012e28    00000054     simplelink.a : socket.obj (.text:_sl_HandleAsync_Select)
                  20012e7c    00000054                  : wlan.obj (.text:sl_WlanRxFilterSet)
                  20012ed0    00000050     driverlib.a : prcm.obj (.text:PRCMSlowClkCtrGet)
                  20012f20    00000050     simplelink.a : device.obj (.text:_sl_HandleAsync_Stop)
                  20012f70    0000004c     driverlib.a : spi.obj (.text:SPIIntEnable)
                  20012fbc    0000004c     simplelink.a : driver.obj (.text:_SlDrvProtectAsyncRespSetting)
                  20013008    0000004c                  : driver.obj (.text:_SlDrvRxIrqHandler)
                  20013054    0000004c                  : socket.obj (.text:_sl_BuildAddress)
                  200130a0    0000004c     rtsv7M4_T_le_eabi.lib : atoi.obj (.text)
                  200130ec    0000004c                           : cpy_tbl.obj (.text)
                  20013138    0000004c     driverlib.a : udma.obj (.text:uDMAChannelAssign)
                  20013184    00000048                 : spi.obj (.text:SPIIntClear)
                  200131cc    00000048     simplelink.a : driver.obj (.text:_SlDrvBasicCmd)
                  20013214    00000048     rtsv7M4_T_le_eabi.lib : fd_toi_t2.obj (.text)
                  2001325c    00000046                           : ldexp.obj (.text)
                  200132a2    00000002     --HOLE-- [fill = 0]
                  200132a4    00000044     driverlib.a : spi.obj (.text:SPIDmaMaskGet)
                  200132e8    00000044                 : timer.obj (.text:TimerConfigure)
                  2001332c    00000044     simplelink.a : cc_pal.obj (.text:cc_SetupTransfer)
                  20013370    00000044     rtsv7M4_T_le_eabi.lib : exit.obj (.text)
                  200133b4    00000042     simplelink.a : socket.obj (.text:sl_Htonl)
                  200133f6    00000002     --HOLE-- [fill = 0]
                  200133f8    00000040     driverlib.a : pin.obj (.text:PinModeSet)
                  20013438    00000040     rtsv7M4_T_le_eabi.lib : signal.obj (.text)
                  20013478    00000040                           : strtok.obj (.text)
                  200134b8    0000003c     simplelink.a : netapp.obj (.text:CopyPingResultsToReport)
                  200134f4    0000003c     driverlib.a : prcm.obj (.text:PRCMPeripheralClkEnable)
                  20013530    0000003c     simplelink.a : socket.obj (.text:_sl_TruncatePayloadByProtocol)
                  2001356c    0000003c     rtsv7M4_T_le_eabi.lib : boot.obj (.text)
                  200135a8    0000003c     simplelink.a : socket.obj (.text:sl_Htons)
                  200135e4    0000003c                  : socket.obj (.text:sl_Listen)
                  20013620    0000003c     driverlib.a : udma.obj (.text:uDMAChannelControlSet)
                  2001365c    00000038     simplelink.a : cc_pal.obj (.text:NwpPowerOff)
                  20013694    00000038     free_rtos.a : heap_3.obj (.text)
                  200136cc    00000036     driverlib.a : gpio.obj (.text:GPIODirModeSet)
                  20013702    00000036     simplelink.a : netapp.obj (.text:sl_NetAppMDNSUnRegisterService)
                  20013738    00000034     driverlib.a : prcm.obj (.text:PRCMPeripheralStatusGet)
                  2001376c    00000034                 : spi.obj (.text:SPIFIFOLevelSet)
                  200137a0    00000034     rtsv7M4_T_le_eabi.lib : feraiseexcept.obj (.text)
                  200137d4    00000030     driverlib.a : pin.obj (.text:PinTypeGPIO)
                  20013804    00000030                 : uart.obj (.text:UARTDisable)
                  20013834    00000030     simplelink.a : device.obj (.text:_SlDrvDeviceEventHandler)
                  20013864    00000030     rtsv7M4_T_le_eabi.lib : strncpy.obj (.text)
                  20013894    00000030                           : xferaise.obj (.text)
                  200138c4    00000030     simplelink.a : socket.obj (.text:sl_Close)
                  200138f4    00000030                  : wlan.obj (.text:sl_WlanProfileDel)
                  20013924    00000030                  : wlan.obj (.text:sl_WlanSetMode)
                  20013954    0000002e     rtsv7M4_T_le_eabi.lib : i_tofd_t2.obj (.text)
                  20013982    0000002e                           : raise.obj (.text)
                  200139b0    0000002c     simplelink.a : cc_pal.obj (.text:DmaSpiSwIntHandler)
                  200139dc    0000002c                  : cc_pal.obj (.text:NwpPowerOn)
                  20013a08    0000002c     driverlib.a : prcm.obj (.text:PRCMSysResetCauseGet)
                  20013a34    0000002a                 : timer.obj (.text:TimerLoadSet)
                  20013a5e    0000002a                 : timer.obj (.text:TimerPrescaleSet)
                  20013a88    0000002a     rtsv7M4_T_le_eabi.lib : strspn.obj (.text)
                  20013ab2    0000002a                           : xdclass.obj (.text)
                  20013adc    00000028     driverlib.a : prcm.obj (.text:IsRTCUsed)
                  20013b04    00000028                 : prcm.obj (.text:PRCMPeripheralClkDisable)
                  20013b2c    00000028     simplelink.a : socket.obj (.text:SL_FD_ISSET)
                  20013b54    00000026                  : cc_pal.obj (.text:NwpRegisterInterruptHandler)
                  20013b7a    00000026     rtsv7M4_T_le_eabi.lib : strncmp.obj (.text)
                  20013ba0    00000024     driverlib.a : interrupt.obj (.text:IntUnregister)
                  20013bc4    00000024                 : prcm.obj (.text:RTCU16MSecRegRead)
                  20013be8    00000024                 : prcm.obj (.text:RTCUseSet)
                  20013c0c    00000024                 : uart.obj (.text:UARTEnable)
                  20013c30    00000024     simplelink.a : driver.obj (.text:_SlDrvProtectionObjLockWaitForever)
                  20013c54    00000024     rtsv7M4_T_le_eabi.lib : memmov.obj (.text)
                  20013c78    00000024                           : strcspn.obj (.text)
                  20013c9c    00000022     driverlib.a : gpio.obj (.text:GPIOIntStatus)
                  20013cbe    00000022     simplelink.a : socket.obj (.text:SL_FD_SET)
                  20013ce0    00000022     driverlib.a : spi.obj (.text:SPIReset)
                  20013d02    00000022                 : spi.obj (.text:SPIWordCountSet)
                  20013d24    00000022     rtsv7M4_T_le_eabi.lib : frexp.obj (.text)
                  20013d46    00000020     driverlib.a : gpio.obj (.text:GPIOPinWrite)
                  20013d66    00000002     --HOLE-- [fill = 0]
                  20013d68    00000020                 : interrupt.obj (.text:IntRegister)
                  20013d88    00000020     simplelink.a : driver.obj (.text:_SlDrvProtectionObjUnLock)
                  20013da8    00000020     mqtt.a : cc3200_platform.obj (.text)
                  20013dc8    0000001e     driverlib.a : timer.obj (.text:TimerDisable)
                  20013de6    0000001e                 : timer.obj (.text:TimerEnable)
                  20013e04    0000001e                 : timer.obj (.text:TimerIntStatus)
                  20013e22    0000001e                 : uart.obj (.text:UARTCharPut)
                  20013e40    0000001e     simplelink.a : cc_pal.obj (.text:cc_UDMAChannelSelect)
                  20013e5e    0000001c     driverlib.a : timer.obj (.text:TimerValueGet)
                  20013e7a    0000001c                 : uart.obj (.text:UARTCharGetNonBlocking)
                  20013e96    0000001c     simplelink.a : driver.obj (.text:_SlDrvObjLockWaitForever)
                  20013eb2    0000001c                  : driver.obj (.text:_SlDrvSyncObjWaitForever)
                  20013ece    0000001c     rtsv7M4_T_le_eabi.lib : memccpy.obj (.text)
                  20013eea    00000002     --HOLE-- [fill = 0]
                  20013eec    0000001c     driverlib.a : udma.obj (.text:uDMAChannelEnable)
                  20013f08    0000001a                 : gpio.obj (.text:GPIOIntDisable)
                  20013f22    0000001a                 : gpio.obj (.text:GPIOIntEnable)
                  20013f3c    0000001a                 : pin.obj (.text:PinTypeUART)
                  20013f56    0000001a                 : spi.obj (.text:SPIDmaDisable)
                  20013f70    0000001a                 : spi.obj (.text:SPIDmaEnable)
                  20013f8a    0000001a                 : spi.obj (.text:SPIFIFODisable)
                  20013fa4    0000001a                 : spi.obj (.text:SPIFIFOEnable)
                  20013fbe    00000018                 : gpio.obj (.text:GPIOPinRead)
                  20013fd6    00000018                 : spi.obj (.text:SPICSDisable)
                  20013fee    00000018                 : spi.obj (.text:SPICSEnable)
                  20014006    00000018                 : spi.obj (.text:SPIDisable)
                  2001401e    00000018                 : spi.obj (.text:SPIEnable)
                  20014036    00000018                 : timer.obj (.text:TimerIntDisable)
                  2001404e    00000018                 : timer.obj (.text:TimerIntEnable)
                  20014066    00000018                 : uart.obj (.text:UARTCharsAvail)
                  2001407e    00000018     simplelink.a : driver.obj (.text:_SlDrvObjUnLock)
                  20014096    00000018                  : driver.obj (.text:_SlDrvSyncObjSignal)
                  200140ae    00000002     --HOLE-- [fill = 0]
                  200140b0    00000018                  : device.obj (.text:_sl_GetStartResponseConvert)
                  200140c8    00000018     rtsv7M4_T_le_eabi.lib : args_main.obj (.text)
                  200140e0    00000016     driverlib.a : prcm.obj (.text:PRCMHIBRegRead)
                  200140f6    00000016                 : prcm.obj (.text:PRCMHIBRegWrite)
                  2001410c    00000016     simplelink.a : driver.obj (.text:_SlDrvMemZero)
                  20014122    00000016     rtsv7M4_T_le_eabi.lib : strchr.obj (.text)
                  20014138    00000014     driverlib.a : cpu.obj (.text:CPUcpsie)
                  2001414c    00000014                 : gpio.obj (.text:GPIOIntClear)
                  20014160    00000014                 : interrupt.obj (.text:IntVTableBaseSet)
                  20014174    00000014     rtsv7M4_T_le_eabi.lib : _lock.obj (.text)
                  20014188    00000014                           : strcpy.obj (.text)
                  2001419c    00000014                           : strlen.obj (.text)
                  200141b0    00000012     driverlib.a : timer.obj (.text:TimerIntClear)
                  200141c2    00000002     --HOLE-- [fill = 0]
                  200141c4    00000010                 : prcm.obj (.text:RTCU32SecRegRead)
                  200141d4    00000010     simplelink.a : socket.obj (.text:SL_FD_ZERO)
                  200141e4    0000000e                  : driver.obj (.text:_SlDrvResetCmdExt)
                  200141f2    0000000e     rtsv7M4_T_le_eabi.lib : copy_decompress_none.obj (.text:decompress:none)
                  20014200    0000000e     startup_ccs.obj (.text)
                  2001420e    00000002     --HOLE-- [fill = 0]
                  20014210    0000000c     simplelink.a : cc_pal.obj (.text:NwpMaskInterrupt)
                  2001421c    0000000c                  : cc_pal.obj (.text:NwpUnMaskInterrupt)
                  20014228    0000000c     rtsv7M4_T_le_eabi.lib : copy_zero_init.obj (.text:decompress:ZI)
                  20014234    0000000c     simplelink.a : wlan.obj (.text:sl_WlanDisconnect)
                  20014240    0000000a     driverlib.a : interrupt.obj (.text:IntMasterEnable)
                  2001424a    00000008                 : prcm.obj (.text:PRCMRTCInUseSet)
                  20014252    00000006                 : utils.obj (.text:UtilsDelay)
                  20014258    00000006     rtsv7M4_T_le_eabi.lib : copy_decompress_rle.obj (.text:decompress:rle24)
                  2001425e    00000004                           : pre_init.obj (.text)

.const     0    20014264    000008a0     
                  20014264    00000160     main.obj (.const:.string)
                  200143c4    00000101     rtsv7M4_T_le_eabi.lib : ctype.obj (.const:.string:_ctypes_)
                  200144c5    00000003     mqtt.a : sl_mqtt_client.obj (.const)
                  200144c8    00000100     driverlib.a : pin.obj (.const:g_ulPinToPadMap)
                  200145c8    000000d4                 : interrupt.obj (.const:g_pulRegs)
                  2001469c    000000b0     simplelink.a : wlan.obj (.const:$P$T0$1)
                  2001474c    000000a8     driverlib.a : prcm.obj (.const:PRCM_PeriphRegsList)
                  200147f4    00000080                 : interrupt.obj (.const)
                  20014874    00000062     network_if.obj (.const:.string)
                  200148d6    0000003c     simplelink.a : driver.obj (.const:OpcodeTranslateTable)
                  20014912    0000003c                  : wlan.obj (.const)
                  2001494e    00000002     --HOLE-- [fill = 0]
                  20014950    00000038                  : driver.obj (.const:_SlActionLookupTable)
                  20014988    00000034                  : driver.obj (.const)
                  200149bc    00000034                  : socket.obj (.const)
                  200149f0    0000002c     network_if.obj (.const:$P$T1$2)
                  20014a1c    00000028     simplelink.a : netapp.obj (.const)
                  20014a44    00000024     network_if.obj (.const)
                  20014a68    00000022     network_if.obj (.const:.string:$P$T0$1)
                  20014a8a    00000002     --HOLE-- [fill = 0]
                  20014a8c    00000020     mqtt.a : cc31xx_sl_net.obj (.const)
                  20014aac    00000018     driverlib.a : spi.obj (.const)
                  20014ac4    00000014     simplelink.a : device.obj (.const)
                  20014ad8    00000010                  : socket.obj (.const:.string)
                  20014ae8    0000000b     mqtt.a : mqtt_client.obj (.const:.string)
                  20014af3    00000008     simplelink.a : device.obj (.const:.string)
                  20014afb    00000001     --HOLE-- [fill = 0]
                  20014afc    00000008                  : netcfg.obj (.const)

.cinit     0    20014b08    00000170     
                  20014b08    0000014b     (.cinit..data.load) [load image, compression = rle]
                  20014c53    00000001     --HOLE-- [fill = 0]
                  20014c54    0000000c     (__TI_handler_table)
                  20014c60    00000008     (.cinit..bss.load) [load image, compression = zero_init]
                  20014c68    00000010     (__TI_cinit_table)

.sysmem    0    2001b000    00008000     UNINITIALIZED
                  2001b000    00000008     rtsv7M4_T_le_eabi.lib : memory.obj (.sysmem)
                  2001b008    00007ff8     --HOLE--

.bss       0    20023000    00000ff4     UNINITIALIZED
                  20023000    00000800     mqtt.a : sl_mqtt_client.obj (.bss:buf_vec)
                  20023800    000002d0            : mqtt_client.obj (.bss:clients)
                  20023ad0    00000178     simplelink.a : driver.obj (.bss:g_StatMem)
                  20023c48    000000f0     mqtt.a : sl_mqtt_client.obj (.bss:sl_cli_ctx)
                  20023d38    000000c8     free_rtos.a : tasks.obj (.bss:pxReadyTasksLists)
                  20023e00    00000050     simplelink.a : cc_pal.obj (.bss:g_ucDinDout)
                  20023e50    00000050     free_rtos.a : queue.obj (.bss:xQueueRegistry)
                  20023ea0    00000048     mqtt.a : sl_mqtt_client.obj (.bss:mqp_vec)
                  20023ee8    0000002c     main.obj (.bss:g_time)
                  20023f14    00000024     network_if.obj (.bss:g_ucConnectionSSID)
                  20023f38    00000018     (.common:recv_hvec)
                  20023f50    00000014     (.common:xDelayedTaskList1)
                  20023f64    00000014     (.common:xDelayedTaskList2)
                  20023f78    00000014     (.common:xPendingReadyList)
                  20023f8c    00000014     (.common:xSuspendedTaskList)
                  20023fa0    00000014     (.common:xTasksWaitingTermination)
                  20023fb4    00000008     (.common:g_ucConnectionBSSID)
                  20023fbc    00000004     (.common:DMAMsgQ)
                  20023fc0    00000004     (.common:__Errorlog)
                  20023fc4    00000004     (.common:g_PBQueue)
                  20023fc8    00000004     (.common:g_S2InterruptHdl)
                  20023fcc    00000004     (.common:g_S3InterruptHdl)
                  20023fd0    00000004     (.common:g_cDummy)
                  20023fd4    00000004     (.common:g_rx_task_hndl)
                  20023fd8    00000004     (.common:g_rx_tx_sync_obj)
                  20023fdc    00000004     (.common:g_wait_secs)
                  20023fe0    00000004     (.common:mqtt_lib_lockobj)
                  20023fe4    00000004     (.common:pxDelayedTaskList)
                  20023fe8    00000004     (.common:pxOverflowDelayedTaskList)
                  20023fec    00000002     (.common:g_usConnectIndex)
                  20023fee    00000002     (.common:g_usTimerInts)
                  20023ff0    00000001     (.common:RxIrqCnt)
                  20023ff1    00000001     (.common:g_ucLED1Pin)
                  20023ff2    00000001     (.common:g_ucLED2Pin)
                  20023ff3    00000001     (.common:g_ucLED3Pin)

.TI.noinit 
*          0    20023000    00000000     UNINITIALIZED

.data      0    20023ff8    00000300     UNINITIALIZED
                  20023ff8    000000b0     rtsv7M4_T_le_eabi.lib : signal.obj (.data:sigtable)
                  200240a8    00000080                           : xvalues.obj (.data)
                  20024128    00000064     main.obj (.data:usr_connect_config)
                  2002418c    0000004c     mqtt.a : mqtt_client.obj (.data)
                  200241d8    00000040     main.obj (.data)
                  20024218    00000034     free_rtos.a : tasks.obj (.data)
                  2002424c    00000028     mqtt.a : sl_mqtt_client.obj (.data:net)
                  20024274    00000020     gpio_if.obj (.data)
                  20024294    0000000c     free_rtos.a : osi_freertos.obj (.data)
                  200242a0    0000000c     network_if.obj (.data)
                  200242ac    0000000c     rtsv7M4_T_le_eabi.lib : memory.obj (.data)
                  200242b8    00000009     simplelink.a : cc_pal.obj (.data)
                  200242c1    00000001     mqtt.a : sl_mqtt_client.obj (.data)
                  200242c2    00000002     --HOLE--
                  200242c4    00000009     simplelink.a : driver.obj (.data)
                  200242cd    00000003     --HOLE--
                  200242d0    00000008     rtsv7M4_T_le_eabi.lib : _lock.obj (.data)
                  200242d8    00000008                           : exit.obj (.data)
                  200242e0    00000008                           : feraiseexcept.obj (.data)
                  200242e8    00000004     free_rtos.a : port.obj (.data)
                  200242ec    00000004     rtsv7M4_T_le_eabi.lib : errno.obj (.data)
                  200242f0    00000004                           : stkdepth_vars.obj (.data)
                  200242f4    00000004                           : strtok.obj (.data)

.TI.persistent 
*          0    20023ff8    00000000     UNINITIALIZED

.stack     0    2002b000    00005000     UNINITIALIZED
                  2002b000    00005000     --HOLE--


LINKER GENERATED COPY TABLES

__TI_cinit_table @ 20014c68 records: 2, size/record: 8, table size: 16
	.data: load addr=20014b08, load size=0000014b bytes, run addr=20023ff8, run size=00000300 bytes, compression=rle
	.bss: load addr=20014c60, load size=00000008 bytes, run addr=20023000, run size=00000ff4 bytes, compression=zero_init


LINKER GENERATED HANDLER TABLE

__TI_handler_table @ 20014c54 records: 3, size/record: 4, table size: 12
	index: 0, handler: __TI_decompress_rle24
	index: 1, handler: __TI_decompress_none
	index: 2, handler: __TI_zero_init


GLOBAL SYMBOLS: SORTED ALPHABETICALLY BY Name 

address   name                                  
-------   ----                                  
2000a261  BoardInit                             
2000f875  Button_IF_DisableInterrupt            
2000f825  Button_IF_EnableInterrupt             
2000f7c1  Button_IF_Init                        
20013371  C$$EXIT                               
20014139  CPUcpsie                              
2000e329  ClearTerm                             
20007101  ConfigureSimpleLinkToDefaultState     
200134b9  CopyPingResultsToReport               
20023fbc  DMAMsgQ                               
200139b1  DmaSpiSwIntHandler                    
2000e333  Error                                 
200136cd  GPIODirModeSet                        
2001414d  GPIOIntClear                          
20013f09  GPIOIntDisable                        
20013f23  GPIOIntEnable                         
20013c9d  GPIOIntStatus                         
20012179  GPIOIntTypeSet                        
20013fbf  GPIOPinRead                           
20013d47  GPIOPinWrite                          
2000e215  GPIO_IF_ConfigureNIntEnable           
2000e291  GPIO_IF_Get                           
2000e1cf  GPIO_IF_GetPortNPin                   
2000df91  GPIO_IF_LedConfigure                  
2000e083  GPIO_IF_LedOff                        
2000dfcf  GPIO_IF_LedOn                         
2000e137  GPIO_IF_LedStatus                     
2000e1a1  GPIO_IF_LedToggle                     
2000e257  GPIO_IF_Set                           
2000f7a1  GPIOs2IntHandler                      
2000f781  GPIOs3IntHandler                      
2000e36b  GetCmd                                
2000e2e9  InitTerm                              
200070c5  InitializeAppVariables                
200115fd  IntDisable                            
200116a5  IntEnable                             
20014241  IntMasterEnable                       
20012ccd  IntPendClear                          
20012dd5  IntPrioritySet                        
20013d69  IntRegister                           
20013ba1  IntUnregister                         
20014161  IntVTableBaseSet                      
2000a225  LedTimerConfigNStart                  
2000a24d  LedTimerDeinitStop                    
2000e307  Message                               
2000a431  MqttClient                            
200241f0  Mqtt_Client                           
200077a5  Network_IF_ConnectAP                  
20007aa9  Network_IF_CurrentMCUState            
20007605  Network_IF_DeInitDriver               
20007983  Network_IF_DisconnectFromAP           
20007a35  Network_IF_GetHostIP                  
200074a1  Network_IF_InitDriver                 
200079c1  Network_IF_IpConfigGet                
20007aa1  Network_IF_ResetMCUStateMachine       
20007aaf  Network_IF_SetMCUMachineState         
20007acb  Network_IF_UnsetMCUMachineState       
20014211  NwpMaskInterrupt                      
2001365d  NwpPowerOff                           
200139dd  NwpPowerOn                            
200120f5  NwpPowerOnPreamble                    
20013b55  NwpRegisterInterruptHandler           
2001421d  NwpUnMaskInterrupt                    
200148d6  OpcodeTranslateTable                  
2000fdc9  PRCMCC3200MCUInit                     
200140e1  PRCMHIBRegRead                        
200140f7  PRCMHIBRegWrite                       
20013b05  PRCMPeripheralClkDisable              
200134f5  PRCMPeripheralClkEnable               
20011b01  PRCMPeripheralClockGet                
20012d25  PRCMPeripheralReset                   
20013739  PRCMPeripheralStatusGet               
2001237d  PRCMRTCGet                            
2001424b  PRCMRTCInUseSet                       
20012ed1  PRCMSlowClkCtrGet                     
20013a09  PRCMSysResetCauseGet                  
20011e51  PinConfigSet                          
200133f9  PinModeSet                            
20011a69  PinMuxConfig                          
200137d5  PinTypeGPIO                           
20013f3d  PinTypeUART                           
2000e4b9  Report                                
20014201  ResetISR                              
20023ff0  RxIrqCnt                              
20014998  RxMsgClassLUT                         
UNDEFED   SHT$$INIT_ARRAY$$Base                 
UNDEFED   SHT$$INIT_ARRAY$$Limit                
20013b2d  SL_FD_ISSET                           
20013cbf  SL_FD_SET                             
200141d5  SL_FD_ZERO                            
20013fd7  SPICSDisable                          
20013fef  SPICSEnable                           
200117f5  SPIConfigSetExpClk                    
20014007  SPIDisable                            
20013f57  SPIDmaDisable                         
20013f71  SPIDmaEnable                          
2001401f  SPIEnable                             
20013f8b  SPIFIFODisable                        
20013fa5  SPIFIFOEnable                         
2001376d  SPIFIFOLevelSet                       
20013185  SPIIntClear                           
20012f71  SPIIntEnable                          
20013ce1  SPIReset                              
20013d03  SPIWordCountSet                       
200241e4  SecurityParams                        
20006c19  SimpleLinkGeneralEventHandler         
20006e77  SimpleLinkHttpServerCallback          
20006ba1  SimpleLinkNetAppEventHandler          
20006c39  SimpleLinkSockEventHandler            
200069dd  SimpleLinkWlanEventHandler            
20014af3  StartResponseLUT                      
200132e9  TimerConfigure                        
20013dc9  TimerDisable                          
20013de7  TimerEnable                           
200141b1  TimerIntClear                         
20014037  TimerIntDisable                       
2001404f  TimerIntEnable                        
20013e05  TimerIntStatus                        
20012811  TimerIntUnregister                    
20013a35  TimerLoadSet                          
2000a1f1  TimerPeriodicIntHandler               
20013a5f  TimerPrescaleSet                      
20013e5f  TimerValueGet                         
2000f101  Timer_IF_DeInit                       
2000f133  Timer_IF_GetCount                     
2000f015  Timer_IF_Init                         
2000f047  Timer_IF_IntSetup                     
2000f0b9  Timer_IF_InterruptClear               
2000f11b  Timer_IF_ReLoad                       
2000f0d1  Timer_IF_Start                        
2000f0f1  Timer_IF_Stop                         
2000a16f  ToggleLedState                        
2000e421  TrimSpace                             
20013e7b  UARTCharGetNonBlocking                
20013e23  UARTCharPut                           
20014067  UARTCharsAvail                        
200125e1  UARTConfigSetExpClk                   
20013805  UARTDisable                           
20013c0d  UARTEnable                            
20014253  UtilsDelay                            
2000d9e5  VDeleteSimpleLinkSpawnTask            
2000c2a7  VMqttRecvTask                         
2000d995  VStartSimpleLinkSpawnTask             
20013ab3  _Dclass                               
200240a8  _Denorm                               
2001119d  _Dnorm                                
20010379  _Dscale                               
20012a81  _Dunscale                             
200240b8  _Eps                                  
200242ec  _Errno                                
200242e0  _Fenv                                 
20013895  _Feraise                              
200240c8  _Hugeval                              
200240d8  _Inf                                  
200240e8  _Nan                                  
20024108  _Rteps                                
200149d0  _SlAcceptCmdCtrl                      
20014950  _SlActionLookupTable                  
20011491  _SlAsyncEventGenericHandler           
20014ad0  _SlDeviceGetCmdCtrl                   
20014ad4  _SlDeviceSetCmdCtrl                   
200131cd  _SlDrvBasicCmd                        
20010e69  _SlDrvClassifyRxMsg                   
200121fd  _SlDrvCmdOp                           
200126cd  _SlDrvCmdSend                         
20010029  _SlDrvDataReadOp                      
200107a5  _SlDrvDataWriteOp                     
20013835  _SlDrvDeviceEventHandler              
20010ba9  _SlDrvDriverCBDeinit                  
2000f49d  _SlDrvDriverCBInit                    
2001410d  _SlDrvMemZero                         
2000d131  _SlDrvMsgRead                         
2001125d  _SlDrvMsgReadCmdCtx                   
20011895  _SlDrvMsgReadSpawnCtx                 
2000edc9  _SlDrvMsgWrite                        
200109ad  _SlDrvNetAppEventHandler              
20013e97  _SlDrvObjLockWaitForever              
2001407f  _SlDrvObjUnLock                       
20012fbd  _SlDrvProtectAsyncRespSetting         
20013c31  _SlDrvProtectionObjLockWaitForever    
20013d89  _SlDrvProtectionObjUnLock             
2000ebf9  _SlDrvReleasePoolObj                  
200141e5  _SlDrvResetCmdExt                     
2000e579  _SlDrvRxHdrRead                       
20013009  _SlDrvRxIrqHandler                    
20014097  _SlDrvSyncObjSignal                   
20013eb3  _SlDrvSyncObjWaitForever              
2000f30d  _SlDrvWaitForPoolObj                  
20014acc  _SlEventMaskGetCmdCtrl                
20014ac8  _SlEventMaskSetCmdCtrl                
2000f611  _SlFindAndSetActiveObj                
20014a30  _SlGetHostByNameCtrl                  
20014a2c  _SlGetHostByServiceCtrl               
20014a24  _SlGetServiceListeCtrl                
200149dc  _SlGetSockOptCmdCtrl                  
200149cc  _SlListenCmdCtrl                      
20014a3c  _SlNetAppGetCmdCtrl                   
20014a38  _SlNetAppSendTokenValueCmdCtrl        
20014a34  _SlNetAppSetCmdCtrl                   
20014a1c  _SlNetAppStartCtrl                    
20014a20  _SlNetAppStopCtrl                     
20014b00  _SlNetCfgGetCmdCtrl                   
20014afc  _SlNetCfgSetCmdCtrl                   
20014ad8  _SlPayloadByProtocolLUT               
20014916  _SlPolicyGetCmdCtrl                   
20014912  _SlPolicySetCmdCtrl                   
2001491e  _SlProfileDelCmdCtrl                  
2001491a  _SlProfileGetCmdCtrl                  
200149d4  _SlRecvCmdCtrl                        
200149c4  _SlRecvfomCmdCtrl                     
20014a28  _SlRegisterServiceCtrl                
200110dd  _SlRemoveFromList                     
20014926  _SlRxFilterAddtCmdCtrl                
2001492e  _SlRxFilterGetCmdCtrl                 
2001492a  _SlRxFilterSetCmdCtrl                 
200149e0  _SlSelectCmdCtrl                      
200149c8  _SlSendCmdCtrl                        
200149d8  _SlSetSockOptCmdCtrl                  
20014932  _SlSmartConfigStartCmdCtrl            
200149c0  _SlSockCloseCmdCtrl                   
200149bc  _SlSockSocketCmdCtrl                  
20014ac4  _SlStopCmdCtrl                        
2001493e  _SlWlanCfgGetCmdCtrl                  
2001493a  _SlWlanCfgSetCmdCtrl                  
20014922  _SlWlanGetNetworkListCtrl             
20014936  _SlWlanSetModeCmdCtrl                 
200240f8  _Snan                                 
200242e4  _Tls_setup__Fenv                      
20024118  _Xbig                                 
20024120  _Zero                                 
20030000  __STACK_END                           
00005000  __STACK_SIZE                          
00008000  __SYSMEM_SIZE                         
20014c68  __TI_CINIT_Base                       
20014c78  __TI_CINIT_Limit                      
20014c54  __TI_Handler_Table_Base               
20014c60  __TI_Handler_Table_Limit              
20012739  __TI_auto_init                        
200242d8  __TI_cleanup_ptr                      
200141f3  __TI_decompress_none                  
20014259  __TI_decompress_rle24                 
200242dc  __TI_dtors_ptr                        
20009c9d  __TI_printfi                          
20014b08  __TI_static_base__                    
20014229  __TI_zero_init                        
20011fe9  __aeabi_cdcmpeq                       
20011fe9  __aeabi_cdcmple                       
2001206f  __aeabi_cdrcmple                      
20013215  __aeabi_d2iz                          
2000f15f  __aeabi_dadd                          
2000fc91  __aeabi_ddiv                          
20010aab  __aeabi_dmul                          
2000f155  __aeabi_dsub                          
20013955  __aeabi_i2d                           
20012475  __aeabi_memclr                        
20012475  __aeabi_memclr4                       
20012475  __aeabi_memclr8                       
20011931  __aeabi_memcpy                        
20011931  __aeabi_memcpy4                       
20011931  __aeabi_memcpy8                       
20012477  __aeabi_memset                        
20012477  __aeabi_memset4                       
20012477  __aeabi_memset8                       
2000ea05  __aeabi_uldivmod                      
ffffffff  __binit__                             
ffffffff  __c_args__                            
2002b000  __stack                               
200140c9  _args_main                            
2001356d  _c_int00                              
200143c4  _ctypes_                              
200242d0  _lock                                 
20014183  _nop                                  
2001417b  _register_lock                        
20014175  _register_unlock                      
20013055  _sl_BuildAddress                      
200140b1  _sl_GetStartResponseConvert           
20012bb1  _sl_HandleAsync_Accept                
200124f1  _sl_HandleAsync_Connect               
20011cad  _sl_HandleAsync_DnsGetHostByName      
20011015  _sl_HandleAsync_DnsGetHostByService   
200123f9  _sl_HandleAsync_InitComplete          
20011d39  _sl_HandleAsync_PingResponse          
20012e29  _sl_HandleAsync_Select                
20012f21  _sl_HandleAsync_Stop                  
20012879  _sl_NetAppSendTokenValue              
20013531  _sl_TruncatePayloadByProtocol         
2001b000  _sys_memory                           
2001425f  _system_pre_init                      
200242d4  _unlock                               
20013375  abort                                 
20024214  app_hndl                              
200130a1  atoi                                  
ffffffff  binit                                 
2000df21  calloc                                
2000c065  cl_ctx_remove                         
2000bfc5  cl_ctx_reset                          
2000bff5  cl_ctx_timeout_insert                 
2000c0bb  cl_ctx_timeout_update                 
2000ce21  comm_close                            
2000cc91  comm_open                             
200130ed  copy_in                               
2002420c  data_sw2                              
20024210  data_sw3                              
2002419c  debug_printf                          
20007f35  eTaskGetState                         
2001337d  exit                                  
200137a1  feraiseexcept                         
2000dc6f  free                                  
20013d25  frexp                                 
200242cc  gFirstCmdMode                         
20014990  g_H2NCnysPattern                      
20014988  g_H2NSyncPattern                      
20023fc4  g_PBQueue                             
20023fc8  g_S2InterruptHdl                      
20023fcc  g_S3InterruptHdl                      
200242b8  g_SpiFd                               
20023ad0  g_StatMem                             
20023fd0  g_cDummy                              
200242c1  g_multi_srvr_conn                     
200242c4  g_pCB                                 
200242bc  g_pHostIntHdl                         
20004000  g_pfnVectors                          
20023fd4  g_rx_task_hndl                        
20023fd8  g_rx_tx_sync_obj                      
20023ee8  g_time                                
20023fb4  g_ucConnectionBSSID                   
20023f14  g_ucConnectionSSID                    
200242c0  g_ucDMAEnabled                        
20023e00  g_ucDinDout                           
20023ff1  g_ucLED1Pin                           
20023ff2  g_ucLED2Pin                           
20023ff3  g_ucLED3Pin                           
20024288  g_uiLED1Port                          
2002428c  g_uiLED2Port                          
20024290  g_uiLED3Port                          
200242a8  g_ulGatewayIP                         
200242a4  g_ulStaIp                             
200242a0  g_ulStatus                            
20023fec  g_usConnectIndex                      
20023fee  g_usTimerInts                         
20023fdc  g_wait_secs                           
20007b65  itoa                                  
2001325d  ldexp                                 
20012d7d  ltoa                                  
2000a9dd  main                                  
200242f0  main_func_sp                          
2000dc07  malloc                                
2000dae9  mem_Free                              
2000dadd  mem_Malloc                            
2000db09  mem_copy                              
2000daf5  mem_set                               
2000de3d  memalign                              
20013ecf  memccpy                               
20011931  memcpy                                
20013c55  memmove                               
2001247d  memset                                
2000db79  minit                                 
2000bbc3  mqp_ack_wlist_append                  
2000bc69  mqp_ack_wlist_purge                   
2000bbf9  mqp_ack_wlist_remove                  
2000b94f  mqp_buf_rd_remlen                     
2000b8df  mqp_buf_tail_wr_remlen                
2000b86d  mqp_buf_wr_utf8                       
2000648d  mqp_client_alloc                      
2000b7c7  mqp_free                              
2000b813  mqp_init                              
2000bcbb  mqp_prep_fh                           
2000baeb  mqp_proc_msg_id_ack_rx                
2000bb21  mqp_proc_pub_rx                       
2000badf  mqp_proc_vh_msg_id_rx                 
2000ba0f  mqp_pub_append_data                   
2000b95f  mqp_pub_append_topic                  
2000bd31  mqp_recv                              
2000b807  mqp_reset                             
20006381  mqtt_client_await_msg                 
200064e1  mqtt_client_buffers_register          
20006075  mqtt_client_ctx_await_msg             
20006769  mqtt_client_ctx_create                
2000681b  mqtt_client_ctx_delete                
200065ed  mqtt_client_ctx_info_register         
200060c7  mqtt_client_ctx_run                   
20006565  mqtt_client_ctx_will_register         
20004a49  mqtt_client_is_connected              
200068fd  mqtt_client_lib_exit                  
2000687d  mqtt_client_lib_init                  
2000666d  mqtt_client_net_svc_register          
20004a41  mqtt_client_new_msg_id                
2000521f  mqtt_client_pub_dispatch              
20005191  mqtt_client_pub_msg_send              
200063e9  mqtt_client_run                       
20004c01  mqtt_client_send_progress             
20005041  mqtt_connect_msg_send                 
2000558b  mqtt_disconn_send                     
20023fe0  mqtt_lib_lockobj                      
2000554f  mqtt_pingreq_send                     
20005467  mqtt_sub_dispatch                     
20005451  mqtt_sub_msg_send                     
20005491  mqtt_unsub_dispatch                   
2000547b  mqtt_unsub_msg_send                   
2000c499  mutex_lockup                          
2000c4a9  mutex_unlock                          
2002424c  net                                   
2000db5f  osi_ContextRestore                    
2000db5d  osi_ContextSave                       
2000db1d  osi_EnterCritical                     
2000db27  osi_ExitCritical                      
2000d743  osi_InterruptDeRegister               
2000d71d  osi_InterruptRegister                 
2000d84d  osi_LockObjCreate                     
2000d8c1  osi_LockObjDelete                     
2000d8d1  osi_LockObjLock                       
2000d8fd  osi_LockObjUnlock                     
2000da11  osi_MsgQCreate                        
2000da55  osi_MsgQDelete                        
2000daa1  osi_MsgQRead                          
2000da6f  osi_MsgQWrite                         
2000db39  osi_Sleep                             
2000d927  osi_Spawn                             
2000d82b  osi_SyncObjClear                      
2000d755  osi_SyncObjCreate                     
2000d785  osi_SyncObjDelete                     
2000d79f  osi_SyncObjSignal                     
2000d7c7  osi_SyncObjSignalFromISR              
2000d7ff  osi_SyncObjWait                       
2000d873  osi_TaskCreate                        
2000d8b3  osi_TaskDelete                        
2000db49  osi_TaskDisable                       
2000db53  osi_TaskEnable                        
2000db31  osi_start                             
200242c8  pPingCallBackFunc                     
20014874  pcDigits                              
20008459  pcTaskGetTaskName                     
20013db1  platform_get_time_in_secs             
20013da9  platform_timer_init                   
20011489  portCLZ                               
20011471  prvPortStartFirstTask                 
20024204  pub_topic_sw2                         
20024208  pub_topic_sw3                         
2000a147  pushButtonInterruptHandler2           
2000a15b  pushButtonInterruptHandler3           
20013695  pvPortMalloc                          
20024218  pxCurrentTCB                          
20010269  pxPortInitialiseStack                 
2000bf55  qos2_pub_cq_check                     
2000bed3  qos2_pub_cq_logup                     
2000beb1  qos2_pub_cq_reset                     
2000bf11  qos2_pub_cq_unlog                     
20013983  raise                                 
2000dd31  realloc                               
2000d091  recv_from                             
2000ce33  rtc_secs                              
2000bc9b  secure_conn_struct_init               
200241d8  security_file_list                    
2000d011  send_dest                             
20013439  signal                                
2000fb59  sl_Accept                             
20011f61  sl_Bind                               
200138c5  sl_Close                              
20010595  sl_Connect                            
200119cd  sl_DevGet                             
200128e1  sl_DevSet                             
2000c631  sl_ExtLib_MqttClientConnect           
2000c341  sl_ExtLib_MqttClientCtxCreate         
2000c45f  sl_ExtLib_MqttClientCtxDelete         
2000c791  sl_ExtLib_MqttClientDisconnect        
2000c581  sl_ExtLib_MqttClientExit              
2000c4b9  sl_ExtLib_MqttClientInit              
2000c9b1  sl_ExtLib_MqttClientSend              
2000c5d5  sl_ExtLib_MqttClientSet               
2000c7fd  sl_ExtLib_MqttClientSub               
2000c8e5  sl_ExtLib_MqttClientUnsub             
200133b5  sl_Htonl                              
200135a9  sl_Htons                              
200135e5  sl_Listen                             
200108a9  sl_NetAppDnsGetHostByName             
20011549  sl_NetAppMDNSRegisterUnregisterService
20013703  sl_NetAppMDNSUnRegisterService        
2001174d  sl_NetCfgGet                          
20012949  sl_NetCfgSet                          
20012659  sl_Recv                               
20010489  sl_RecvFrom                           
2000fa1d  sl_Select                             
2001069d  sl_Send                               
20010151  sl_SendTo                             
200129b1  sl_SetSockOpt                         
20012c71  sl_Socket                             
20011319  sl_Start                              
20010f41  sl_Stop                               
2000e7c1  sl_WlanConnect                        
20014235  sl_WlanDisconnect                     
20012c11  sl_WlanPolicySet                      
200138f5  sl_WlanProfileDel                     
20012e7d  sl_WlanRxFilterSet                    
20012a19  sl_WlanSet                            
20013925  sl_WlanSetMode                        
20012569  spi_Close                             
2000f8d1  spi_Open                              
20010d8d  spi_Read                              
20011dc5  spi_Write                             
20014123  strchr                                
20014189  strcpy                                
20013c79  strcspn                               
2001419d  strlen                                
20013b7b  strncmp                               
20013865  strncpy                               
20013a89  strspn                                
20013479  strtok                                
2000cfa3  tcp_accept                            
2000ce3b  tcp_listen                            
2000cdc1  tcp_recv                              
2000cec7  tcp_select                            
2000cd9b  tcp_send                              
20013139  uDMAChannelAssign                     
20012ae9  uDMAChannelAttributeDisable           
20012b4d  uDMAChannelAttributeEnable            
20013621  uDMAChannelControlSet                 
20013eed  uDMAChannelEnable                     
20010c9d  uDMAChannelTransferSet                
2000b34d  ucQueueGetQueueType                   
200113d9  ulPortSetInterruptMask                
20024128  usr_connect_config                    
2000ffdf  uxListRemove                          
2000b32d  uxQueueGetQueueNumber                 
2000b2c1  uxQueueMessagesWaiting                
2000b2f7  uxQueueMessagesWaitingFromISR         
2000b2d7  uxQueueSpacesAvailable                
2000844d  uxTaskGetNumberOfTasks                
2000847d  uxTaskGetSystemState                  
2000896d  uxTaskGetTaskNumber                   
20007fc9  uxTaskPriorityGet                     
20008ec5  uxTaskResetEventItemValue             
200069cf  vApplicationIdleHook                  
200069d1  vApplicationMallocFailedHook          
200069d3  vApplicationStackOverflowHook         
200069c5  vAssertCalled                         
2000fefd  vListInitialise                       
2000ff2d  vListInitialiseItem                   
2000ff79  vListInsert                           
2000ff3d  vListInsertEnd                        
200113ef  vPortClearInterruptMask               
200102e5  vPortEndScheduler                     
200102f9  vPortEnterCritical                    
20010311  vPortExitCritical                     
200136b5  vPortFree                             
20011449  vPortSVCHandler                       
20010345  vPortSetupTimerInterrupt              
200102e7  vPortYield                            
2000b567  vQueueAddToRegistry                   
2000b309  vQueueDelete                          
2000b33b  vQueueSetQueueNumber                  
2000b5a9  vQueueUnregisterQueue                 
20007edf  vTaskDelay                            
20007e43  vTaskDelayUntil                       
20007db3  vTaskDelete                           
20008331  vTaskEndScheduler                     
2000895f  vTaskMissedYield                      
200086f5  vTaskPlaceOnEventList                 
20008759  vTaskPlaceOnUnorderedEventList        
20008e3b  vTaskPriorityDisinherit               
20008d81  vTaskPriorityInherit                  
20008001  vTaskPrioritySet                      
200081f9  vTaskResume                           
2000898d  vTaskSetTaskNumber                    
200088bf  vTaskSetTimeOutState                  
200082e7  vTaskStartScheduler                   
20008105  vTaskSuspend                          
20008343  vTaskSuspendAll                       
20008675  vTaskSwitchContext                    
20011ed9  vsnprintf                             
20024294  xHigherPriorityTaskWoken              
200113fd  xPortPendSVHandler                    
200102b9  xPortStartScheduler                   
20010329  xPortSysTickHandler                   
2000b5f7  xQueueAddToSet                        
2000af29  xQueueAltGenericReceive               
2000ae7d  xQueueAltGenericSend                  
2000ad51  xQueueCreateCountingSemaphore         
2000acd3  xQueueCreateMutex                     
2000b5e3  xQueueCreateSet                       
2000ac5d  xQueueGenericCreate                   
2000b0c3  xQueueGenericReceive                  
2000abcd  xQueueGenericReset                    
2000ad71  xQueueGenericSend                     
2000b027  xQueueGenericSendFromISR              
2000b503  xQueueIsQueueEmptyFromISR             
2000b545  xQueueIsQueueFullFromISR              
2000b27d  xQueuePeekFromISR                     
2000b205  xQueueReceiveFromISR                  
20023e50  xQueueRegistry                        
2000b62b  xQueueRemoveFromSet                   
2000b66d  xQueueSelectFromSet                   
2000b687  xQueueSelectFromSetFromISR            
20024298  xSimpleLinkSpawnQueue                 
2002429c  xSimpleLinkSpawnTaskHndl              
200088e5  xTaskCheckForTimeOut                  
20007ca5  xTaskGenericCreate                    
20008d35  xTaskGetCurrentTaskHandle             
2000853b  xTaskGetIdleTaskHandle                
20008d49  xTaskGetSchedulerState                
20008421  xTaskGetTickCount                     
20008435  xTaskGetTickCountFromISR              
20008559  xTaskIncrementTick                    
200087c9  xTaskRemoveFromEventList              
20008851  xTaskRemoveFromUnorderedEventList     
20008355  xTaskResumeAll                        
2000826d  xTaskResumeFromISR                    


GLOBAL SYMBOLS: SORTED BY Symbol Address 

address   name                                  
-------   ----                                  
00005000  __STACK_SIZE                          
00008000  __SYSMEM_SIZE                         
20004000  g_pfnVectors                          
20004a41  mqtt_client_new_msg_id                
20004a49  mqtt_client_is_connected              
20004c01  mqtt_client_send_progress             
20005041  mqtt_connect_msg_send                 
20005191  mqtt_client_pub_msg_send              
2000521f  mqtt_client_pub_dispatch              
20005451  mqtt_sub_msg_send                     
20005467  mqtt_sub_dispatch                     
2000547b  mqtt_unsub_msg_send                   
20005491  mqtt_unsub_dispatch                   
2000554f  mqtt_pingreq_send                     
2000558b  mqtt_disconn_send                     
20006075  mqtt_client_ctx_await_msg             
200060c7  mqtt_client_ctx_run                   
20006381  mqtt_client_await_msg                 
200063e9  mqtt_client_run                       
2000648d  mqp_client_alloc                      
200064e1  mqtt_client_buffers_register          
20006565  mqtt_client_ctx_will_register         
200065ed  mqtt_client_ctx_info_register         
2000666d  mqtt_client_net_svc_register          
20006769  mqtt_client_ctx_create                
2000681b  mqtt_client_ctx_delete                
2000687d  mqtt_client_lib_init                  
200068fd  mqtt_client_lib_exit                  
200069c5  vAssertCalled                         
200069cf  vApplicationIdleHook                  
200069d1  vApplicationMallocFailedHook          
200069d3  vApplicationStackOverflowHook         
200069dd  SimpleLinkWlanEventHandler            
20006ba1  SimpleLinkNetAppEventHandler          
20006c19  SimpleLinkGeneralEventHandler         
20006c39  SimpleLinkSockEventHandler            
20006e77  SimpleLinkHttpServerCallback          
200070c5  InitializeAppVariables                
20007101  ConfigureSimpleLinkToDefaultState     
200074a1  Network_IF_InitDriver                 
20007605  Network_IF_DeInitDriver               
200077a5  Network_IF_ConnectAP                  
20007983  Network_IF_DisconnectFromAP           
200079c1  Network_IF_IpConfigGet                
20007a35  Network_IF_GetHostIP                  
20007aa1  Network_IF_ResetMCUStateMachine       
20007aa9  Network_IF_CurrentMCUState            
20007aaf  Network_IF_SetMCUMachineState         
20007acb  Network_IF_UnsetMCUMachineState       
20007b65  itoa                                  
20007ca5  xTaskGenericCreate                    
20007db3  vTaskDelete                           
20007e43  vTaskDelayUntil                       
20007edf  vTaskDelay                            
20007f35  eTaskGetState                         
20007fc9  uxTaskPriorityGet                     
20008001  vTaskPrioritySet                      
20008105  vTaskSuspend                          
200081f9  vTaskResume                           
2000826d  xTaskResumeFromISR                    
200082e7  vTaskStartScheduler                   
20008331  vTaskEndScheduler                     
20008343  vTaskSuspendAll                       
20008355  xTaskResumeAll                        
20008421  xTaskGetTickCount                     
20008435  xTaskGetTickCountFromISR              
2000844d  uxTaskGetNumberOfTasks                
20008459  pcTaskGetTaskName                     
2000847d  uxTaskGetSystemState                  
2000853b  xTaskGetIdleTaskHandle                
20008559  xTaskIncrementTick                    
20008675  vTaskSwitchContext                    
200086f5  vTaskPlaceOnEventList                 
20008759  vTaskPlaceOnUnorderedEventList        
200087c9  xTaskRemoveFromEventList              
20008851  xTaskRemoveFromUnorderedEventList     
200088bf  vTaskSetTimeOutState                  
200088e5  xTaskCheckForTimeOut                  
2000895f  vTaskMissedYield                      
2000896d  uxTaskGetTaskNumber                   
2000898d  vTaskSetTaskNumber                    
20008d35  xTaskGetCurrentTaskHandle             
20008d49  xTaskGetSchedulerState                
20008d81  vTaskPriorityInherit                  
20008e3b  vTaskPriorityDisinherit               
20008ec5  uxTaskResetEventItemValue             
20009c9d  __TI_printfi                          
2000a147  pushButtonInterruptHandler2           
2000a15b  pushButtonInterruptHandler3           
2000a16f  ToggleLedState                        
2000a1f1  TimerPeriodicIntHandler               
2000a225  LedTimerConfigNStart                  
2000a24d  LedTimerDeinitStop                    
2000a261  BoardInit                             
2000a431  MqttClient                            
2000a9dd  main                                  
2000abcd  xQueueGenericReset                    
2000ac5d  xQueueGenericCreate                   
2000acd3  xQueueCreateMutex                     
2000ad51  xQueueCreateCountingSemaphore         
2000ad71  xQueueGenericSend                     
2000ae7d  xQueueAltGenericSend                  
2000af29  xQueueAltGenericReceive               
2000b027  xQueueGenericSendFromISR              
2000b0c3  xQueueGenericReceive                  
2000b205  xQueueReceiveFromISR                  
2000b27d  xQueuePeekFromISR                     
2000b2c1  uxQueueMessagesWaiting                
2000b2d7  uxQueueSpacesAvailable                
2000b2f7  uxQueueMessagesWaitingFromISR         
2000b309  vQueueDelete                          
2000b32d  uxQueueGetQueueNumber                 
2000b33b  vQueueSetQueueNumber                  
2000b34d  ucQueueGetQueueType                   
2000b503  xQueueIsQueueEmptyFromISR             
2000b545  xQueueIsQueueFullFromISR              
2000b567  vQueueAddToRegistry                   
2000b5a9  vQueueUnregisterQueue                 
2000b5e3  xQueueCreateSet                       
2000b5f7  xQueueAddToSet                        
2000b62b  xQueueRemoveFromSet                   
2000b66d  xQueueSelectFromSet                   
2000b687  xQueueSelectFromSetFromISR            
2000b7c7  mqp_free                              
2000b807  mqp_reset                             
2000b813  mqp_init                              
2000b86d  mqp_buf_wr_utf8                       
2000b8df  mqp_buf_tail_wr_remlen                
2000b94f  mqp_buf_rd_remlen                     
2000b95f  mqp_pub_append_topic                  
2000ba0f  mqp_pub_append_data                   
2000badf  mqp_proc_vh_msg_id_rx                 
2000baeb  mqp_proc_msg_id_ack_rx                
2000bb21  mqp_proc_pub_rx                       
2000bbc3  mqp_ack_wlist_append                  
2000bbf9  mqp_ack_wlist_remove                  
2000bc69  mqp_ack_wlist_purge                   
2000bc9b  secure_conn_struct_init               
2000bcbb  mqp_prep_fh                           
2000bd31  mqp_recv                              
2000beb1  qos2_pub_cq_reset                     
2000bed3  qos2_pub_cq_logup                     
2000bf11  qos2_pub_cq_unlog                     
2000bf55  qos2_pub_cq_check                     
2000bfc5  cl_ctx_reset                          
2000bff5  cl_ctx_timeout_insert                 
2000c065  cl_ctx_remove                         
2000c0bb  cl_ctx_timeout_update                 
2000c2a7  VMqttRecvTask                         
2000c341  sl_ExtLib_MqttClientCtxCreate         
2000c45f  sl_ExtLib_MqttClientCtxDelete         
2000c499  mutex_lockup                          
2000c4a9  mutex_unlock                          
2000c4b9  sl_ExtLib_MqttClientInit              
2000c581  sl_ExtLib_MqttClientExit              
2000c5d5  sl_ExtLib_MqttClientSet               
2000c631  sl_ExtLib_MqttClientConnect           
2000c791  sl_ExtLib_MqttClientDisconnect        
2000c7fd  sl_ExtLib_MqttClientSub               
2000c8e5  sl_ExtLib_MqttClientUnsub             
2000c9b1  sl_ExtLib_MqttClientSend              
2000cc91  comm_open                             
2000cd9b  tcp_send                              
2000cdc1  tcp_recv                              
2000ce21  comm_close                            
2000ce33  rtc_secs                              
2000ce3b  tcp_listen                            
2000cec7  tcp_select                            
2000cfa3  tcp_accept                            
2000d011  send_dest                             
2000d091  recv_from                             
2000d131  _SlDrvMsgRead                         
2000d71d  osi_InterruptRegister                 
2000d743  osi_InterruptDeRegister               
2000d755  osi_SyncObjCreate                     
2000d785  osi_SyncObjDelete                     
2000d79f  osi_SyncObjSignal                     
2000d7c7  osi_SyncObjSignalFromISR              
2000d7ff  osi_SyncObjWait                       
2000d82b  osi_SyncObjClear                      
2000d84d  osi_LockObjCreate                     
2000d873  osi_TaskCreate                        
2000d8b3  osi_TaskDelete                        
2000d8c1  osi_LockObjDelete                     
2000d8d1  osi_LockObjLock                       
2000d8fd  osi_LockObjUnlock                     
2000d927  osi_Spawn                             
2000d995  VStartSimpleLinkSpawnTask             
2000d9e5  VDeleteSimpleLinkSpawnTask            
2000da11  osi_MsgQCreate                        
2000da55  osi_MsgQDelete                        
2000da6f  osi_MsgQWrite                         
2000daa1  osi_MsgQRead                          
2000dadd  mem_Malloc                            
2000dae9  mem_Free                              
2000daf5  mem_set                               
2000db09  mem_copy                              
2000db1d  osi_EnterCritical                     
2000db27  osi_ExitCritical                      
2000db31  osi_start                             
2000db39  osi_Sleep                             
2000db49  osi_TaskDisable                       
2000db53  osi_TaskEnable                        
2000db5d  osi_ContextSave                       
2000db5f  osi_ContextRestore                    
2000db79  minit                                 
2000dc07  malloc                                
2000dc6f  free                                  
2000dd31  realloc                               
2000de3d  memalign                              
2000df21  calloc                                
2000df91  GPIO_IF_LedConfigure                  
2000dfcf  GPIO_IF_LedOn                         
2000e083  GPIO_IF_LedOff                        
2000e137  GPIO_IF_LedStatus                     
2000e1a1  GPIO_IF_LedToggle                     
2000e1cf  GPIO_IF_GetPortNPin                   
2000e215  GPIO_IF_ConfigureNIntEnable           
2000e257  GPIO_IF_Set                           
2000e291  GPIO_IF_Get                           
2000e2e9  InitTerm                              
2000e307  Message                               
2000e329  ClearTerm                             
2000e333  Error                                 
2000e36b  GetCmd                                
2000e421  TrimSpace                             
2000e4b9  Report                                
2000e579  _SlDrvRxHdrRead                       
2000e7c1  sl_WlanConnect                        
2000ea05  __aeabi_uldivmod                      
2000ebf9  _SlDrvReleasePoolObj                  
2000edc9  _SlDrvMsgWrite                        
2000f015  Timer_IF_Init                         
2000f047  Timer_IF_IntSetup                     
2000f0b9  Timer_IF_InterruptClear               
2000f0d1  Timer_IF_Start                        
2000f0f1  Timer_IF_Stop                         
2000f101  Timer_IF_DeInit                       
2000f11b  Timer_IF_ReLoad                       
2000f133  Timer_IF_GetCount                     
2000f155  __aeabi_dsub                          
2000f15f  __aeabi_dadd                          
2000f30d  _SlDrvWaitForPoolObj                  
2000f49d  _SlDrvDriverCBInit                    
2000f611  _SlFindAndSetActiveObj                
2000f781  GPIOs3IntHandler                      
2000f7a1  GPIOs2IntHandler                      
2000f7c1  Button_IF_Init                        
2000f825  Button_IF_EnableInterrupt             
2000f875  Button_IF_DisableInterrupt            
2000f8d1  spi_Open                              
2000fa1d  sl_Select                             
2000fb59  sl_Accept                             
2000fc91  __aeabi_ddiv                          
2000fdc9  PRCMCC3200MCUInit                     
2000fefd  vListInitialise                       
2000ff2d  vListInitialiseItem                   
2000ff3d  vListInsertEnd                        
2000ff79  vListInsert                           
2000ffdf  uxListRemove                          
20010029  _SlDrvDataReadOp                      
20010151  sl_SendTo                             
20010269  pxPortInitialiseStack                 
200102b9  xPortStartScheduler                   
200102e5  vPortEndScheduler                     
200102e7  vPortYield                            
200102f9  vPortEnterCritical                    
20010311  vPortExitCritical                     
20010329  xPortSysTickHandler                   
20010345  vPortSetupTimerInterrupt              
20010379  _Dscale                               
20010489  sl_RecvFrom                           
20010595  sl_Connect                            
2001069d  sl_Send                               
200107a5  _SlDrvDataWriteOp                     
200108a9  sl_NetAppDnsGetHostByName             
200109ad  _SlDrvNetAppEventHandler              
20010aab  __aeabi_dmul                          
20010ba9  _SlDrvDriverCBDeinit                  
20010c9d  uDMAChannelTransferSet                
20010d8d  spi_Read                              
20010e69  _SlDrvClassifyRxMsg                   
20010f41  sl_Stop                               
20011015  _sl_HandleAsync_DnsGetHostByService   
200110dd  _SlRemoveFromList                     
2001119d  _Dnorm                                
2001125d  _SlDrvMsgReadCmdCtx                   
20011319  sl_Start                              
200113d9  ulPortSetInterruptMask                
200113ef  vPortClearInterruptMask               
200113fd  xPortPendSVHandler                    
20011449  vPortSVCHandler                       
20011471  prvPortStartFirstTask                 
20011489  portCLZ                               
20011491  _SlAsyncEventGenericHandler           
20011549  sl_NetAppMDNSRegisterUnregisterService
200115fd  IntDisable                            
200116a5  IntEnable                             
2001174d  sl_NetCfgGet                          
200117f5  SPIConfigSetExpClk                    
20011895  _SlDrvMsgReadSpawnCtx                 
20011931  __aeabi_memcpy                        
20011931  __aeabi_memcpy4                       
20011931  __aeabi_memcpy8                       
20011931  memcpy                                
200119cd  sl_DevGet                             
20011a69  PinMuxConfig                          
20011b01  PRCMPeripheralClockGet                
20011cad  _sl_HandleAsync_DnsGetHostByName      
20011d39  _sl_HandleAsync_PingResponse          
20011dc5  spi_Write                             
20011e51  PinConfigSet                          
20011ed9  vsnprintf                             
20011f61  sl_Bind                               
20011fe9  __aeabi_cdcmpeq                       
20011fe9  __aeabi_cdcmple                       
2001206f  __aeabi_cdrcmple                      
200120f5  NwpPowerOnPreamble                    
20012179  GPIOIntTypeSet                        
200121fd  _SlDrvCmdOp                           
2001237d  PRCMRTCGet                            
200123f9  _sl_HandleAsync_InitComplete          
20012475  __aeabi_memclr                        
20012475  __aeabi_memclr4                       
20012475  __aeabi_memclr8                       
20012477  __aeabi_memset                        
20012477  __aeabi_memset4                       
20012477  __aeabi_memset8                       
2001247d  memset                                
200124f1  _sl_HandleAsync_Connect               
20012569  spi_Close                             
200125e1  UARTConfigSetExpClk                   
20012659  sl_Recv                               
200126cd  _SlDrvCmdSend                         
20012739  __TI_auto_init                        
20012811  TimerIntUnregister                    
20012879  _sl_NetAppSendTokenValue              
200128e1  sl_DevSet                             
20012949  sl_NetCfgSet                          
200129b1  sl_SetSockOpt                         
20012a19  sl_WlanSet                            
20012a81  _Dunscale                             
20012ae9  uDMAChannelAttributeDisable           
20012b4d  uDMAChannelAttributeEnable            
20012bb1  _sl_HandleAsync_Accept                
20012c11  sl_WlanPolicySet                      
20012c71  sl_Socket                             
20012ccd  IntPendClear                          
20012d25  PRCMPeripheralReset                   
20012d7d  ltoa                                  
20012dd5  IntPrioritySet                        
20012e29  _sl_HandleAsync_Select                
20012e7d  sl_WlanRxFilterSet                    
20012ed1  PRCMSlowClkCtrGet                     
20012f21  _sl_HandleAsync_Stop                  
20012f71  SPIIntEnable                          
20012fbd  _SlDrvProtectAsyncRespSetting         
20013009  _SlDrvRxIrqHandler                    
20013055  _sl_BuildAddress                      
200130a1  atoi                                  
200130ed  copy_in                               
20013139  uDMAChannelAssign                     
20013185  SPIIntClear                           
200131cd  _SlDrvBasicCmd                        
20013215  __aeabi_d2iz                          
2001325d  ldexp                                 
200132e9  TimerConfigure                        
20013371  C$$EXIT                               
20013375  abort                                 
2001337d  exit                                  
200133b5  sl_Htonl                              
200133f9  PinModeSet                            
20013439  signal                                
20013479  strtok                                
200134b9  CopyPingResultsToReport               
200134f5  PRCMPeripheralClkEnable               
20013531  _sl_TruncatePayloadByProtocol         
2001356d  _c_int00                              
200135a9  sl_Htons                              
200135e5  sl_Listen                             
20013621  uDMAChannelControlSet                 
2001365d  NwpPowerOff                           
20013695  pvPortMalloc                          
200136b5  vPortFree                             
200136cd  GPIODirModeSet                        
20013703  sl_NetAppMDNSUnRegisterService        
20013739  PRCMPeripheralStatusGet               
2001376d  SPIFIFOLevelSet                       
200137a1  feraiseexcept                         
200137d5  PinTypeGPIO                           
20013805  UARTDisable                           
20013835  _SlDrvDeviceEventHandler              
20013865  strncpy                               
20013895  _Feraise                              
200138c5  sl_Close                              
200138f5  sl_WlanProfileDel                     
20013925  sl_WlanSetMode                        
20013955  __aeabi_i2d                           
20013983  raise                                 
200139b1  DmaSpiSwIntHandler                    
200139dd  NwpPowerOn                            
20013a09  PRCMSysResetCauseGet                  
20013a35  TimerLoadSet                          
20013a5f  TimerPrescaleSet                      
20013a89  strspn                                
20013ab3  _Dclass                               
20013b05  PRCMPeripheralClkDisable              
20013b2d  SL_FD_ISSET                           
20013b55  NwpRegisterInterruptHandler           
20013b7b  strncmp                               
20013ba1  IntUnregister                         
20013c0d  UARTEnable                            
20013c31  _SlDrvProtectionObjLockWaitForever    
20013c55  memmove                               
20013c79  strcspn                               
20013c9d  GPIOIntStatus                         
20013cbf  SL_FD_SET                             
20013ce1  SPIReset                              
20013d03  SPIWordCountSet                       
20013d25  frexp                                 
20013d47  GPIOPinWrite                          
20013d69  IntRegister                           
20013d89  _SlDrvProtectionObjUnLock             
20013da9  platform_timer_init                   
20013db1  platform_get_time_in_secs             
20013dc9  TimerDisable                          
20013de7  TimerEnable                           
20013e05  TimerIntStatus                        
20013e23  UARTCharPut                           
20013e5f  TimerValueGet                         
20013e7b  UARTCharGetNonBlocking                
20013e97  _SlDrvObjLockWaitForever              
20013eb3  _SlDrvSyncObjWaitForever              
20013ecf  memccpy                               
20013eed  uDMAChannelEnable                     
20013f09  GPIOIntDisable                        
20013f23  GPIOIntEnable                         
20013f3d  PinTypeUART                           
20013f57  SPIDmaDisable                         
20013f71  SPIDmaEnable                          
20013f8b  SPIFIFODisable                        
20013fa5  SPIFIFOEnable                         
20013fbf  GPIOPinRead                           
20013fd7  SPICSDisable                          
20013fef  SPICSEnable                           
20014007  SPIDisable                            
2001401f  SPIEnable                             
20014037  TimerIntDisable                       
2001404f  TimerIntEnable                        
20014067  UARTCharsAvail                        
2001407f  _SlDrvObjUnLock                       
20014097  _SlDrvSyncObjSignal                   
200140b1  _sl_GetStartResponseConvert           
200140c9  _args_main                            
200140e1  PRCMHIBRegRead                        
200140f7  PRCMHIBRegWrite                       
2001410d  _SlDrvMemZero                         
20014123  strchr                                
20014139  CPUcpsie                              
2001414d  GPIOIntClear                          
20014161  IntVTableBaseSet                      
20014175  _register_unlock                      
2001417b  _register_lock                        
20014183  _nop                                  
20014189  strcpy                                
2001419d  strlen                                
200141b1  TimerIntClear                         
200141d5  SL_FD_ZERO                            
200141e5  _SlDrvResetCmdExt                     
200141f3  __TI_decompress_none                  
20014201  ResetISR                              
20014211  NwpMaskInterrupt                      
2001421d  NwpUnMaskInterrupt                    
20014229  __TI_zero_init                        
20014235  sl_WlanDisconnect                     
20014241  IntMasterEnable                       
2001424b  PRCMRTCInUseSet                       
20014253  UtilsDelay                            
20014259  __TI_decompress_rle24                 
2001425f  _system_pre_init                      
200143c4  _ctypes_                              
20014874  pcDigits                              
200148d6  OpcodeTranslateTable                  
20014912  _SlPolicySetCmdCtrl                   
20014916  _SlPolicyGetCmdCtrl                   
2001491a  _SlProfileGetCmdCtrl                  
2001491e  _SlProfileDelCmdCtrl                  
20014922  _SlWlanGetNetworkListCtrl             
20014926  _SlRxFilterAddtCmdCtrl                
2001492a  _SlRxFilterSetCmdCtrl                 
2001492e  _SlRxFilterGetCmdCtrl                 
20014932  _SlSmartConfigStartCmdCtrl            
20014936  _SlWlanSetModeCmdCtrl                 
2001493a  _SlWlanCfgSetCmdCtrl                  
2001493e  _SlWlanCfgGetCmdCtrl                  
20014950  _SlActionLookupTable                  
20014988  g_H2NSyncPattern                      
20014990  g_H2NCnysPattern                      
20014998  RxMsgClassLUT                         
200149bc  _SlSockSocketCmdCtrl                  
200149c0  _SlSockCloseCmdCtrl                   
200149c4  _SlRecvfomCmdCtrl                     
200149c8  _SlSendCmdCtrl                        
200149cc  _SlListenCmdCtrl                      
200149d0  _SlAcceptCmdCtrl                      
200149d4  _SlRecvCmdCtrl                        
200149d8  _SlSetSockOptCmdCtrl                  
200149dc  _SlGetSockOptCmdCtrl                  
200149e0  _SlSelectCmdCtrl                      
20014a1c  _SlNetAppStartCtrl                    
20014a20  _SlNetAppStopCtrl                     
20014a24  _SlGetServiceListeCtrl                
20014a28  _SlRegisterServiceCtrl                
20014a2c  _SlGetHostByServiceCtrl               
20014a30  _SlGetHostByNameCtrl                  
20014a34  _SlNetAppSetCmdCtrl                   
20014a38  _SlNetAppSendTokenValueCmdCtrl        
20014a3c  _SlNetAppGetCmdCtrl                   
20014ac4  _SlStopCmdCtrl                        
20014ac8  _SlEventMaskSetCmdCtrl                
20014acc  _SlEventMaskGetCmdCtrl                
20014ad0  _SlDeviceGetCmdCtrl                   
20014ad4  _SlDeviceSetCmdCtrl                   
20014ad8  _SlPayloadByProtocolLUT               
20014af3  StartResponseLUT                      
20014afc  _SlNetCfgSetCmdCtrl                   
20014b00  _SlNetCfgGetCmdCtrl                   
20014b08  __TI_static_base__                    
20014c54  __TI_Handler_Table_Base               
20014c60  __TI_Handler_Table_Limit              
20014c68  __TI_CINIT_Base                       
20014c78  __TI_CINIT_Limit                      
2001b000  _sys_memory                           
20023ad0  g_StatMem                             
20023e00  g_ucDinDout                           
20023e50  xQueueRegistry                        
20023ee8  g_time                                
20023f14  g_ucConnectionSSID                    
20023fb4  g_ucConnectionBSSID                   
20023fbc  DMAMsgQ                               
20023fc4  g_PBQueue                             
20023fc8  g_S2InterruptHdl                      
20023fcc  g_S3InterruptHdl                      
20023fd0  g_cDummy                              
20023fd4  g_rx_task_hndl                        
20023fd8  g_rx_tx_sync_obj                      
20023fdc  g_wait_secs                           
20023fe0  mqtt_lib_lockobj                      
20023fec  g_usConnectIndex                      
20023fee  g_usTimerInts                         
20023ff0  RxIrqCnt                              
20023ff1  g_ucLED1Pin                           
20023ff2  g_ucLED2Pin                           
20023ff3  g_ucLED3Pin                           
200240a8  _Denorm                               
200240b8  _Eps                                  
200240c8  _Hugeval                              
200240d8  _Inf                                  
200240e8  _Nan                                  
200240f8  _Snan                                 
20024108  _Rteps                                
20024118  _Xbig                                 
20024120  _Zero                                 
20024128  usr_connect_config                    
2002419c  debug_printf                          
200241d8  security_file_list                    
200241e4  SecurityParams                        
200241f0  Mqtt_Client                           
20024204  pub_topic_sw2                         
20024208  pub_topic_sw3                         
2002420c  data_sw2                              
20024210  data_sw3                              
20024214  app_hndl                              
20024218  pxCurrentTCB                          
2002424c  net                                   
20024288  g_uiLED1Port                          
2002428c  g_uiLED2Port                          
20024290  g_uiLED3Port                          
20024294  xHigherPriorityTaskWoken              
20024298  xSimpleLinkSpawnQueue                 
2002429c  xSimpleLinkSpawnTaskHndl              
200242a0  g_ulStatus                            
200242a4  g_ulStaIp                             
200242a8  g_ulGatewayIP                         
200242b8  g_SpiFd                               
200242bc  g_pHostIntHdl                         
200242c0  g_ucDMAEnabled                        
200242c1  g_multi_srvr_conn                     
200242c4  g_pCB                                 
200242c8  pPingCallBackFunc                     
200242cc  gFirstCmdMode                         
200242d0  _lock                                 
200242d4  _unlock                               
200242d8  __TI_cleanup_ptr                      
200242dc  __TI_dtors_ptr                        
200242e0  _Fenv                                 
200242e4  _Tls_setup__Fenv                      
200242ec  _Errno                                
200242f0  main_func_sp                          
2002b000  __stack                               
20030000  __STACK_END                           
ffffffff  __binit__                             
ffffffff  __c_args__                            
ffffffff  binit                                 
UNDEFED   SHT$$INIT_ARRAY$$Base                 
UNDEFED   SHT$$INIT_ARRAY$$Limit                

[606 symbols]
